-- Logs begin at Чт 2016-09-22 14:00:30 MSK, end at Чт 2016-09-22 14:01:33 MSK. --
сен 22 14:00:30 SNE09 systemd-journald[248]: Runtime journal (/run/log/journal/) is 8.0M, max 78.9M, 70.9M free.
сен 22 14:00:30 SNE09 kernel: microcode: CPU0 microcode updated early to revision 0x1e, date = 2015-08-13
сен 22 14:00:30 SNE09 kernel: Initializing cgroup subsys cpuset
сен 22 14:00:30 SNE09 kernel: Initializing cgroup subsys cpu
сен 22 14:00:30 SNE09 kernel: Initializing cgroup subsys cpuacct
сен 22 14:00:30 SNE09 kernel: Linux version 4.4.0-38-generic (buildd@lgw01-58) (gcc version 5.4.0 20160609 (Ubuntu 5.4.0-6ubuntu1~16.04.2) ) #57-Ubuntu SMP Tue Sep 6 15:42:33 UTC 2016 (Ubuntu 4.4.0-38.57-generic 4.4.19)
сен 22 14:00:30 SNE09 kernel: Command line: BOOT_IMAGE=/boot/vmlinuz-4.4.0-38-generic root=UUID=947e0886-b8ab-4dda-b08d-19108a5c1c5e ro quiet splash vt.handoff=7
сен 22 14:00:30 SNE09 kernel: KERNEL supported cpus:
сен 22 14:00:30 SNE09 kernel:   Intel GenuineIntel
сен 22 14:00:30 SNE09 kernel:   AMD AuthenticAMD
сен 22 14:00:30 SNE09 kernel:   Centaur CentaurHauls
сен 22 14:00:30 SNE09 kernel: x86/fpu: xstate_offset[2]:  576, xstate_sizes[2]:  256
сен 22 14:00:30 SNE09 kernel: x86/fpu: Supporting XSAVE feature 0x01: 'x87 floating point registers'
сен 22 14:00:30 SNE09 kernel: x86/fpu: Supporting XSAVE feature 0x02: 'SSE registers'
сен 22 14:00:30 SNE09 kernel: x86/fpu: Supporting XSAVE feature 0x04: 'AVX registers'
сен 22 14:00:30 SNE09 kernel: x86/fpu: Enabled xstate features 0x7, context size is 832 bytes, using 'standard' format.
сен 22 14:00:30 SNE09 kernel: x86/fpu: Using 'eager' FPU context switches.
сен 22 14:00:30 SNE09 kernel: e820: BIOS-provided physical RAM map:
сен 22 14:00:30 SNE09 kernel: BIOS-e820: [mem 0x0000000000000000-0x000000000009dbff] usable
сен 22 14:00:30 SNE09 kernel: BIOS-e820: [mem 0x000000000009dc00-0x000000000009ffff] reserved
сен 22 14:00:30 SNE09 kernel: BIOS-e820: [mem 0x00000000000e0000-0x00000000000fffff] reserved
сен 22 14:00:30 SNE09 kernel: BIOS-e820: [mem 0x0000000000100000-0x00000000b80dffff] usable
сен 22 14:00:30 SNE09 kernel: BIOS-e820: [mem 0x00000000b80e0000-0x00000000b80e6fff] ACPI NVS
сен 22 14:00:30 SNE09 kernel: BIOS-e820: [mem 0x00000000b80e7000-0x00000000b852afff] usable
сен 22 14:00:30 SNE09 kernel: BIOS-e820: [mem 0x00000000b852b000-0x00000000b88dcfff] reserved
сен 22 14:00:30 SNE09 kernel: BIOS-e820: [mem 0x00000000b88dd000-0x00000000cb876fff] usable
сен 22 14:00:30 SNE09 kernel: BIOS-e820: [mem 0x00000000cb877000-0x00000000cb900fff] reserved
сен 22 14:00:30 SNE09 kernel: BIOS-e820: [mem 0x00000000cb901000-0x00000000cb920fff] ACPI data
сен 22 14:00:30 SNE09 kernel: BIOS-e820: [mem 0x00000000cb921000-0x00000000cba0cfff] ACPI NVS
сен 22 14:00:30 SNE09 kernel: BIOS-e820: [mem 0x00000000cba0d000-0x00000000cbffefff] reserved
сен 22 14:00:30 SNE09 kernel: BIOS-e820: [mem 0x00000000cbfff000-0x00000000cbffffff] usable
сен 22 14:00:30 SNE09 kernel: BIOS-e820: [mem 0x00000000cd000000-0x00000000cf1fffff] reserved
сен 22 14:00:30 SNE09 kernel: BIOS-e820: [mem 0x00000000f8000000-0x00000000fbffffff] reserved
сен 22 14:00:30 SNE09 kernel: BIOS-e820: [mem 0x00000000fec00000-0x00000000fec00fff] reserved
сен 22 14:00:30 SNE09 kernel: BIOS-e820: [mem 0x00000000fed00000-0x00000000fed03fff] reserved
сен 22 14:00:30 SNE09 kernel: BIOS-e820: [mem 0x00000000fed1c000-0x00000000fed1ffff] reserved
сен 22 14:00:30 SNE09 kernel: BIOS-e820: [mem 0x00000000fee00000-0x00000000fee00fff] reserved
сен 22 14:00:30 SNE09 kernel: BIOS-e820: [mem 0x00000000ff000000-0x00000000ffffffff] reserved
сен 22 14:00:30 SNE09 kernel: BIOS-e820: [mem 0x0000000100000000-0x000000022edfffff] usable
сен 22 14:00:30 SNE09 kernel: NX (Execute Disable) protection: active
сен 22 14:00:30 SNE09 kernel: SMBIOS 2.7 present.
сен 22 14:00:30 SNE09 kernel: DMI: Hewlett-Packard HP EliteDesk 800 G1 SFF/1998, BIOS L01 v02.57 12/11/2014
сен 22 14:00:30 SNE09 kernel: e820: update [mem 0x00000000-0x00000fff] usable ==> reserved
сен 22 14:00:30 SNE09 kernel: e820: remove [mem 0x000a0000-0x000fffff] usable
сен 22 14:00:30 SNE09 kernel: e820: last_pfn = 0x22ee00 max_arch_pfn = 0x400000000
сен 22 14:00:30 SNE09 kernel: MTRR default type: uncachable
сен 22 14:00:30 SNE09 kernel: MTRR fixed ranges enabled:
сен 22 14:00:30 SNE09 kernel:   00000-9FFFF write-back
сен 22 14:00:30 SNE09 kernel:   A0000-BFFFF uncachable
сен 22 14:00:30 SNE09 kernel:   C0000-CFFFF write-protect
сен 22 14:00:30 SNE09 kernel:   D0000-E7FFF uncachable
сен 22 14:00:30 SNE09 kernel:   E8000-FFFFF write-protect
сен 22 14:00:30 SNE09 kernel: MTRR variable ranges enabled:
сен 22 14:00:30 SNE09 kernel:   0 base 0000000000 mask 7E00000000 write-back
сен 22 14:00:30 SNE09 kernel:   1 base 0200000000 mask 7FE0000000 write-back
сен 22 14:00:30 SNE09 kernel:   2 base 0220000000 mask 7FF0000000 write-back
сен 22 14:00:30 SNE09 kernel:   3 base 00E0000000 mask 7FE0000000 uncachable
сен 22 14:00:30 SNE09 kernel:   4 base 00D0000000 mask 7FF0000000 uncachable
сен 22 14:00:30 SNE09 kernel:   5 base 00CE000000 mask 7FFE000000 uncachable
сен 22 14:00:30 SNE09 kernel:   6 base 00CD000000 mask 7FFF000000 uncachable
сен 22 14:00:30 SNE09 kernel:   7 base 022F000000 mask 7FFF000000 uncachable
сен 22 14:00:30 SNE09 kernel:   8 base 022EE00000 mask 7FFFE00000 uncachable
сен 22 14:00:30 SNE09 kernel:   9 disabled
сен 22 14:00:30 SNE09 kernel: x86/PAT: Configuration [0-7]: WB  WC  UC- UC  WB  WC  UC- WT  
сен 22 14:00:30 SNE09 kernel: original variable MTRRs
сен 22 14:00:30 SNE09 kernel: reg 0, base: 0GB, range: 8GB, type WB
сен 22 14:00:30 SNE09 kernel: reg 1, base: 8GB, range: 512MB, type WB
сен 22 14:00:30 SNE09 kernel: reg 2, base: 8704MB, range: 256MB, type WB
сен 22 14:00:30 SNE09 kernel: reg 3, base: 3584MB, range: 512MB, type UC
сен 22 14:00:30 SNE09 kernel: reg 4, base: 3328MB, range: 256MB, type UC
сен 22 14:00:30 SNE09 kernel: reg 5, base: 3296MB, range: 32MB, type UC
сен 22 14:00:30 SNE09 kernel: reg 6, base: 3280MB, range: 16MB, type UC
сен 22 14:00:30 SNE09 kernel: reg 7, base: 8944MB, range: 16MB, type UC
сен 22 14:00:30 SNE09 kernel: reg 8, base: 8942MB, range: 2MB, type UC
сен 22 14:00:30 SNE09 kernel: total RAM covered: 8126M
сен 22 14:00:30 SNE09 kernel:  gran_size: 64K         chunk_size: 64K         num_reg: 10          lose cover RAM: 14M
сен 22 14:00:30 SNE09 kernel:  gran_size: 64K         chunk_size: 128K         num_reg: 10          lose cover RAM: 14M
сен 22 14:00:30 SNE09 kernel:  gran_size: 64K         chunk_size: 256K         num_reg: 10          lose cover RAM: 14M
сен 22 14:00:30 SNE09 kernel:  gran_size: 64K         chunk_size: 512K         num_reg: 10          lose cover RAM: 14M
сен 22 14:00:30 SNE09 kernel:  gran_size: 64K         chunk_size: 1M         num_reg: 10          lose cover RAM: 14M
сен 22 14:00:30 SNE09 kernel:  gran_size: 64K         chunk_size: 2M         num_reg: 10          lose cover RAM: 14M
сен 22 14:00:30 SNE09 kernel:  gran_size: 64K         chunk_size: 4M         num_reg: 10          lose cover RAM: 14M
сен 22 14:00:30 SNE09 kernel:  gran_size: 64K         chunk_size: 8M         num_reg: 10          lose cover RAM: 14M
сен 22 14:00:30 SNE09 kernel:  gran_size: 64K         chunk_size: 16M         num_reg: 10          lose cover RAM: 14M
сен 22 14:00:30 SNE09 kernel: *BAD*gran_size: 64K         chunk_size: 32M         num_reg: 10          lose cover RAM: -16M
сен 22 14:00:30 SNE09 kernel:  gran_size: 64K         chunk_size: 64M         num_reg: 10          lose cover RAM: 0G
сен 22 14:00:30 SNE09 kernel:  gran_size: 64K         chunk_size: 128M         num_reg: 10          lose cover RAM: 0G
сен 22 14:00:30 SNE09 kernel:  gran_size: 64K         chunk_size: 256M         num_reg: 10          lose cover RAM: 0G
сен 22 14:00:30 SNE09 kernel: *BAD*gran_size: 64K         chunk_size: 512M         num_reg: 10          lose cover RAM: -256M
сен 22 14:00:30 SNE09 kernel:  gran_size: 64K         chunk_size: 1G         num_reg: 10          lose cover RAM: 0G
сен 22 14:00:30 SNE09 kernel: *BAD*gran_size: 64K         chunk_size: 2G         num_reg: 10          lose cover RAM: -1G
сен 22 14:00:30 SNE09 kernel:  gran_size: 128K         chunk_size: 128K         num_reg: 10          lose cover RAM: 14M
сен 22 14:00:30 SNE09 kernel:  gran_size: 128K         chunk_size: 256K         num_reg: 10          lose cover RAM: 14M
сен 22 14:00:30 SNE09 kernel:  gran_size: 128K         chunk_size: 512K         num_reg: 10          lose cover RAM: 14M
сен 22 14:00:30 SNE09 kernel:  gran_size: 128K         chunk_size: 1M         num_reg: 10          lose cover RAM: 14M
сен 22 14:00:30 SNE09 kernel:  gran_size: 128K         chunk_size: 2M         num_reg: 10          lose cover RAM: 14M
сен 22 14:00:30 SNE09 kernel:  gran_size: 128K         chunk_size: 4M         num_reg: 10          lose cover RAM: 14M
сен 22 14:00:30 SNE09 kernel:  gran_size: 128K         chunk_size: 8M         num_reg: 10          lose cover RAM: 14M
сен 22 14:00:30 SNE09 kernel:  gran_size: 128K         chunk_size: 16M         num_reg: 10          lose cover RAM: 14M
сен 22 14:00:30 SNE09 kernel: *BAD*gran_size: 128K         chunk_size: 32M         num_reg: 10          lose cover RAM: -16M
сен 22 14:00:30 SNE09 kernel:  gran_size: 128K         chunk_size: 64M         num_reg: 10          lose cover RAM: 0G
сен 22 14:00:30 SNE09 kernel:  gran_size: 128K         chunk_size: 128M         num_reg: 10          lose cover RAM: 0G
сен 22 14:00:30 SNE09 kernel:  gran_size: 128K         chunk_size: 256M         num_reg: 10          lose cover RAM: 0G
сен 22 14:00:30 SNE09 kernel: *BAD*gran_size: 128K         chunk_size: 512M         num_reg: 10          lose cover RAM: -256M
сен 22 14:00:30 SNE09 kernel:  gran_size: 128K         chunk_size: 1G         num_reg: 10          lose cover RAM: 0G
сен 22 14:00:30 SNE09 kernel: *BAD*gran_size: 128K         chunk_size: 2G         num_reg: 10          lose cover RAM: -1G
сен 22 14:00:30 SNE09 kernel:  gran_size: 256K         chunk_size: 256K         num_reg: 10          lose cover RAM: 14M
сен 22 14:00:30 SNE09 kernel:  gran_size: 256K         chunk_size: 512K         num_reg: 10          lose cover RAM: 14M
сен 22 14:00:30 SNE09 kernel:  gran_size: 256K         chunk_size: 1M         num_reg: 10          lose cover RAM: 14M
сен 22 14:00:30 SNE09 kernel:  gran_size: 256K         chunk_size: 2M         num_reg: 10          lose cover RAM: 14M
сен 22 14:00:30 SNE09 kernel:  gran_size: 256K         chunk_size: 4M         num_reg: 10          lose cover RAM: 14M
сен 22 14:00:30 SNE09 kernel:  gran_size: 256K         chunk_size: 8M         num_reg: 10          lose cover RAM: 14M
сен 22 14:00:30 SNE09 kernel:  gran_size: 256K         chunk_size: 16M         num_reg: 10          lose cover RAM: 14M
сен 22 14:00:30 SNE09 kernel: *BAD*gran_size: 256K         chunk_size: 32M         num_reg: 10          lose cover RAM: -16M
сен 22 14:00:30 SNE09 kernel:  gran_size: 256K         chunk_size: 64M         num_reg: 10          lose cover RAM: 0G
сен 22 14:00:30 SNE09 kernel:  gran_size: 256K         chunk_size: 128M         num_reg: 10          lose cover RAM: 0G
сен 22 14:00:30 SNE09 kernel:  gran_size: 256K         chunk_size: 256M         num_reg: 10          lose cover RAM: 0G
сен 22 14:00:30 SNE09 kernel: *BAD*gran_size: 256K         chunk_size: 512M         num_reg: 10          lose cover RAM: -256M
сен 22 14:00:30 SNE09 kernel:  gran_size: 256K         chunk_size: 1G         num_reg: 10          lose cover RAM: 0G
сен 22 14:00:30 SNE09 kernel: *BAD*gran_size: 256K         chunk_size: 2G         num_reg: 10          lose cover RAM: -1G
сен 22 14:00:30 SNE09 kernel:  gran_size: 512K         chunk_size: 512K         num_reg: 10          lose cover RAM: 14M
сен 22 14:00:30 SNE09 kernel:  gran_size: 512K         chunk_size: 1M         num_reg: 10          lose cover RAM: 14M
сен 22 14:00:30 SNE09 kernel:  gran_size: 512K         chunk_size: 2M         num_reg: 10          lose cover RAM: 14M
сен 22 14:00:30 SNE09 kernel:  gran_size: 512K         chunk_size: 4M         num_reg: 10          lose cover RAM: 14M
сен 22 14:00:30 SNE09 kernel:  gran_size: 512K         chunk_size: 8M         num_reg: 10          lose cover RAM: 14M
сен 22 14:00:30 SNE09 kernel:  gran_size: 512K         chunk_size: 16M         num_reg: 10          lose cover RAM: 14M
сен 22 14:00:30 SNE09 kernel: *BAD*gran_size: 512K         chunk_size: 32M         num_reg: 10          lose cover RAM: -16M
сен 22 14:00:30 SNE09 kernel:  gran_size: 512K         chunk_size: 64M         num_reg: 10          lose cover RAM: 0G
сен 22 14:00:30 SNE09 kernel:  gran_size: 512K         chunk_size: 128M         num_reg: 10          lose cover RAM: 0G
сен 22 14:00:30 SNE09 kernel:  gran_size: 512K         chunk_size: 256M         num_reg: 10          lose cover RAM: 0G
сен 22 14:00:30 SNE09 kernel: *BAD*gran_size: 512K         chunk_size: 512M         num_reg: 10          lose cover RAM: -256M
сен 22 14:00:30 SNE09 kernel:  gran_size: 512K         chunk_size: 1G         num_reg: 10          lose cover RAM: 0G
сен 22 14:00:30 SNE09 kernel: *BAD*gran_size: 512K         chunk_size: 2G         num_reg: 10          lose cover RAM: -1G
сен 22 14:00:30 SNE09 kernel:  gran_size: 1M         chunk_size: 1M         num_reg: 10          lose cover RAM: 14M
сен 22 14:00:30 SNE09 kernel:  gran_size: 1M         chunk_size: 2M         num_reg: 10          lose cover RAM: 14M
сен 22 14:00:30 SNE09 kernel:  gran_size: 1M         chunk_size: 4M         num_reg: 10          lose cover RAM: 14M
сен 22 14:00:30 SNE09 kernel:  gran_size: 1M         chunk_size: 8M         num_reg: 10          lose cover RAM: 14M
сен 22 14:00:30 SNE09 kernel:  gran_size: 1M         chunk_size: 16M         num_reg: 10          lose cover RAM: 14M
сен 22 14:00:30 SNE09 kernel: *BAD*gran_size: 1M         chunk_size: 32M         num_reg: 10          lose cover RAM: -16M
сен 22 14:00:30 SNE09 kernel:  gran_size: 1M         chunk_size: 64M         num_reg: 10          lose cover RAM: 0G
сен 22 14:00:30 SNE09 kernel:  gran_size: 1M         chunk_size: 128M         num_reg: 10          lose cover RAM: 0G
сен 22 14:00:30 SNE09 kernel:  gran_size: 1M         chunk_size: 256M         num_reg: 10          lose cover RAM: 0G
сен 22 14:00:30 SNE09 kernel: *BAD*gran_size: 1M         chunk_size: 512M         num_reg: 10          lose cover RAM: -256M
сен 22 14:00:30 SNE09 kernel:  gran_size: 1M         chunk_size: 1G         num_reg: 10          lose cover RAM: 0G
сен 22 14:00:30 SNE09 kernel: *BAD*gran_size: 1M         chunk_size: 2G         num_reg: 10          lose cover RAM: -1G
сен 22 14:00:30 SNE09 kernel:  gran_size: 2M         chunk_size: 2M         num_reg: 10          lose cover RAM: 14M
сен 22 14:00:30 SNE09 kernel:  gran_size: 2M         chunk_size: 4M         num_reg: 10          lose cover RAM: 14M
сен 22 14:00:30 SNE09 kernel:  gran_size: 2M         chunk_size: 8M         num_reg: 10          lose cover RAM: 14M
сен 22 14:00:30 SNE09 kernel:  gran_size: 2M         chunk_size: 16M         num_reg: 10          lose cover RAM: 14M
сен 22 14:00:30 SNE09 kernel: *BAD*gran_size: 2M         chunk_size: 32M         num_reg: 10          lose cover RAM: -16M
сен 22 14:00:30 SNE09 kernel:  gran_size: 2M         chunk_size: 64M         num_reg: 10          lose cover RAM: 0G
сен 22 14:00:30 SNE09 kernel:  gran_size: 2M         chunk_size: 128M         num_reg: 10          lose cover RAM: 0G
сен 22 14:00:30 SNE09 kernel:  gran_size: 2M         chunk_size: 256M         num_reg: 10          lose cover RAM: 0G
сен 22 14:00:30 SNE09 kernel: *BAD*gran_size: 2M         chunk_size: 512M         num_reg: 10          lose cover RAM: -256M
сен 22 14:00:30 SNE09 kernel:  gran_size: 2M         chunk_size: 1G         num_reg: 10          lose cover RAM: 0G
сен 22 14:00:30 SNE09 kernel: *BAD*gran_size: 2M         chunk_size: 2G         num_reg: 10          lose cover RAM: -1G
сен 22 14:00:30 SNE09 kernel:  gran_size: 4M         chunk_size: 4M         num_reg: 10          lose cover RAM: 14M
сен 22 14:00:30 SNE09 kernel:  gran_size: 4M         chunk_size: 8M         num_reg: 10          lose cover RAM: 14M
сен 22 14:00:30 SNE09 kernel:  gran_size: 4M         chunk_size: 16M         num_reg: 10          lose cover RAM: 14M
сен 22 14:00:30 SNE09 kernel: *BAD*gran_size: 4M         chunk_size: 32M         num_reg: 10          lose cover RAM: -14M
сен 22 14:00:30 SNE09 kernel:  gran_size: 4M         chunk_size: 64M         num_reg: 10          lose cover RAM: 2M
сен 22 14:00:30 SNE09 kernel:  gran_size: 4M         chunk_size: 128M         num_reg: 10          lose cover RAM: 2M
сен 22 14:00:30 SNE09 kernel:  gran_size: 4M         chunk_size: 256M         num_reg: 10          lose cover RAM: 2M
сен 22 14:00:30 SNE09 kernel: *BAD*gran_size: 4M         chunk_size: 512M         num_reg: 10          lose cover RAM: -254M
сен 22 14:00:30 SNE09 kernel:  gran_size: 4M         chunk_size: 1G         num_reg: 10          lose cover RAM: 2M
сен 22 14:00:30 SNE09 kernel: *BAD*gran_size: 4M         chunk_size: 2G         num_reg: 10          lose cover RAM: -1022M
сен 22 14:00:30 SNE09 kernel:  gran_size: 8M         chunk_size: 8M         num_reg: 10          lose cover RAM: 14M
сен 22 14:00:30 SNE09 kernel:  gran_size: 8M         chunk_size: 16M         num_reg: 10          lose cover RAM: 14M
сен 22 14:00:30 SNE09 kernel: *BAD*gran_size: 8M         chunk_size: 32M         num_reg: 10          lose cover RAM: -10M
сен 22 14:00:30 SNE09 kernel:  gran_size: 8M         chunk_size: 64M         num_reg: 10          lose cover RAM: 6M
сен 22 14:00:30 SNE09 kernel:  gran_size: 8M         chunk_size: 128M         num_reg: 10          lose cover RAM: 6M
сен 22 14:00:30 SNE09 kernel:  gran_size: 8M         chunk_size: 256M         num_reg: 10          lose cover RAM: 6M
сен 22 14:00:30 SNE09 kernel: *BAD*gran_size: 8M         chunk_size: 512M         num_reg: 10          lose cover RAM: -250M
сен 22 14:00:30 SNE09 kernel:  gran_size: 8M         chunk_size: 1G         num_reg: 10          lose cover RAM: 6M
сен 22 14:00:30 SNE09 kernel: *BAD*gran_size: 8M         chunk_size: 2G         num_reg: 10          lose cover RAM: -1018M
сен 22 14:00:30 SNE09 kernel:  gran_size: 16M         chunk_size: 16M         num_reg: 10          lose cover RAM: 14M
сен 22 14:00:30 SNE09 kernel:  gran_size: 16M         chunk_size: 32M         num_reg: 10          lose cover RAM: 46M
сен 22 14:00:30 SNE09 kernel:  gran_size: 16M         chunk_size: 64M         num_reg: 9          lose cover RAM: 14M
сен 22 14:00:30 SNE09 kernel:  gran_size: 16M         chunk_size: 128M         num_reg: 9          lose cover RAM: 14M
сен 22 14:00:30 SNE09 kernel:  gran_size: 16M         chunk_size: 256M         num_reg: 9          lose cover RAM: 14M
сен 22 14:00:30 SNE09 kernel:  gran_size: 16M         chunk_size: 512M         num_reg: 10          lose cover RAM: 14M
сен 22 14:00:30 SNE09 kernel:  gran_size: 16M         chunk_size: 1G         num_reg: 9          lose cover RAM: 14M
сен 22 14:00:30 SNE09 kernel:  gran_size: 16M         chunk_size: 2G         num_reg: 10          lose cover RAM: 14M
сен 22 14:00:30 SNE09 kernel:  gran_size: 32M         chunk_size: 32M         num_reg: 9          lose cover RAM: 30M
сен 22 14:00:30 SNE09 kernel:  gran_size: 32M         chunk_size: 64M         num_reg: 8          lose cover RAM: 30M
сен 22 14:00:30 SNE09 kernel:  gran_size: 32M         chunk_size: 128M         num_reg: 8          lose cover RAM: 30M
сен 22 14:00:30 SNE09 kernel:  gran_size: 32M         chunk_size: 256M         num_reg: 8          lose cover RAM: 30M
сен 22 14:00:30 SNE09 kernel:  gran_size: 32M         chunk_size: 512M         num_reg: 9          lose cover RAM: 30M
сен 22 14:00:30 SNE09 kernel:  gran_size: 32M         chunk_size: 1G         num_reg: 8          lose cover RAM: 30M
сен 22 14:00:30 SNE09 kernel:  gran_size: 32M         chunk_size: 2G         num_reg: 9          lose cover RAM: 30M
сен 22 14:00:30 SNE09 kernel:  gran_size: 64M         chunk_size: 64M         num_reg: 8          lose cover RAM: 62M
сен 22 14:00:30 SNE09 kernel:  gran_size: 64M         chunk_size: 128M         num_reg: 8          lose cover RAM: 62M
сен 22 14:00:30 SNE09 kernel:  gran_size: 64M         chunk_size: 256M         num_reg: 8          lose cover RAM: 62M
сен 22 14:00:30 SNE09 kernel:  gran_size: 64M         chunk_size: 512M         num_reg: 9          lose cover RAM: 62M
сен 22 14:00:30 SNE09 kernel:  gran_size: 64M         chunk_size: 1G         num_reg: 8          lose cover RAM: 62M
сен 22 14:00:30 SNE09 kernel:  gran_size: 64M         chunk_size: 2G         num_reg: 9          lose cover RAM: 62M
сен 22 14:00:30 SNE09 kernel:  gran_size: 128M         chunk_size: 128M         num_reg: 6          lose cover RAM: 190M
сен 22 14:00:30 SNE09 kernel:  gran_size: 128M         chunk_size: 256M         num_reg: 8          lose cover RAM: 190M
сен 22 14:00:30 SNE09 kernel:  gran_size: 128M         chunk_size: 512M         num_reg: 9          lose cover RAM: 190M
сен 22 14:00:30 SNE09 kernel:  gran_size: 128M         chunk_size: 1G         num_reg: 8          lose cover RAM: 190M
сен 22 14:00:30 SNE09 kernel:  gran_size: 128M         chunk_size: 2G         num_reg: 9          lose cover RAM: 190M
сен 22 14:00:30 SNE09 kernel:  gran_size: 256M         chunk_size: 256M         num_reg: 4          lose cover RAM: 446M
сен 22 14:00:30 SNE09 kernel:  gran_size: 256M         chunk_size: 512M         num_reg: 4          lose cover RAM: 446M
сен 22 14:00:30 SNE09 kernel:  gran_size: 256M         chunk_size: 1G         num_reg: 5          lose cover RAM: 446M
сен 22 14:00:30 SNE09 kernel:  gran_size: 256M         chunk_size: 2G         num_reg: 6          lose cover RAM: 446M
сен 22 14:00:30 SNE09 kernel:  gran_size: 512M         chunk_size: 512M         num_reg: 4          lose cover RAM: 446M
сен 22 14:00:30 SNE09 kernel:  gran_size: 512M         chunk_size: 1G         num_reg: 5          lose cover RAM: 446M
сен 22 14:00:30 SNE09 kernel:  gran_size: 512M         chunk_size: 2G         num_reg: 6          lose cover RAM: 446M
сен 22 14:00:30 SNE09 kernel:  gran_size: 1G         chunk_size: 1G         num_reg: 3          lose cover RAM: 958M
сен 22 14:00:30 SNE09 kernel:  gran_size: 1G         chunk_size: 2G         num_reg: 3          lose cover RAM: 958M
сен 22 14:00:30 SNE09 kernel:  gran_size: 2G         chunk_size: 2G         num_reg: 2          lose cover RAM: 1982M
сен 22 14:00:30 SNE09 kernel: mtrr_cleanup: can not find optimal value
сен 22 14:00:30 SNE09 kernel: please specify mtrr_gran_size/mtrr_chunk_size
сен 22 14:00:30 SNE09 kernel: e820: update [mem 0xcd000000-0xffffffff] usable ==> reserved
сен 22 14:00:30 SNE09 kernel: e820: last_pfn = 0xcc000 max_arch_pfn = 0x400000000
сен 22 14:00:30 SNE09 kernel: found SMP MP-table at [mem 0x000f4e50-0x000f4e5f] mapped at [ffff8800000f4e50]
сен 22 14:00:30 SNE09 kernel: Scanning 1 areas for low memory corruption
сен 22 14:00:30 SNE09 kernel: Base memory trampoline at [ffff880000097000] 97000 size 24576
сен 22 14:00:30 SNE09 kernel: Using GB pages for direct mapping
сен 22 14:00:30 SNE09 kernel: BRK [0x02201000, 0x02201fff] PGTABLE
сен 22 14:00:30 SNE09 kernel: BRK [0x02202000, 0x02202fff] PGTABLE
сен 22 14:00:30 SNE09 kernel: BRK [0x02203000, 0x02203fff] PGTABLE
сен 22 14:00:30 SNE09 kernel: BRK [0x02204000, 0x02204fff] PGTABLE
сен 22 14:00:30 SNE09 kernel: BRK [0x02205000, 0x02205fff] PGTABLE
сен 22 14:00:30 SNE09 kernel: BRK [0x02206000, 0x02206fff] PGTABLE
сен 22 14:00:30 SNE09 kernel: RAMDISK: [mem 0x33b62000-0x35da8fff]
сен 22 14:00:30 SNE09 kernel: ACPI: Early table checksum verification disabled
сен 22 14:00:30 SNE09 kernel: ACPI: RSDP 0x00000000000F9810 000024 (v02 HPQOEM)
сен 22 14:00:30 SNE09 kernel: ACPI: XSDT 0x00000000CB908088 00008C (v01 HPQOEM SLIC-BPC 20141211 AMI  00010013)
сен 22 14:00:30 SNE09 kernel: ACPI: FACP 0x00000000CB915B00 00010C (v05 HPQOEM SLIC-BPC 20141211 AMI  00010013)
сен 22 14:00:30 SNE09 kernel: ACPI: DSDT 0x00000000CB9081A0 00D960 (v02 HPQOEM SLIC-BPC 00000001 INTL 20091112)
сен 22 14:00:30 SNE09 kernel: ACPI: FACS 0x00000000CBA0B080 000040
сен 22 14:00:30 SNE09 kernel: ACPI: APIC 0x00000000CB915C10 000072 (v03 HPQOEM SLIC-BPC 20141211 AMI  00010013)
сен 22 14:00:30 SNE09 kernel: ACPI: FPDT 0x00000000CB915C88 000044 (v01 HPQOEM SLIC-BPC 20141211 AMI  00010013)
сен 22 14:00:30 SNE09 kernel: ACPI: SSDT 0x00000000CB915CD0 000539 (v01 PmRef  Cpu0Ist  00003000 INTL 20120711)
сен 22 14:00:30 SNE09 kernel: ACPI: SSDT 0x00000000CB916210 000AD8 (v01 PmRef  CpuPm    00003000 INTL 20120711)
сен 22 14:00:30 SNE09 kernel: ACPI: SSDT 0x00000000CB916CE8 0001C7 (v01 PmRef  LakeTiny 00003000 INTL 20120711)
сен 22 14:00:30 SNE09 kernel: ACPI: MCFG 0x00000000CB916EB0 00003C (v01 HPQOEM SLIC-BPC 20141211 MSFT 00000097)
сен 22 14:00:30 SNE09 kernel: ACPI: HPET 0x00000000CB916EF0 000038 (v01 HPQOEM SLIC-BPC 20141211 AMI. 00000005)
сен 22 14:00:30 SNE09 kernel: ACPI: SSDT 0x00000000CB916F28 00036D (v01 SataRe SataTabl 00001000 INTL 20120711)
сен 22 14:00:30 SNE09 kernel: ACPI: SSDT 0x00000000CB917298 00348C (v01 SaSsdt SaSsdt   00003000 INTL 20091112)
сен 22 14:00:30 SNE09 kernel: ACPI: SSDT 0x00000000CB91A728 00668F (v01 COMPAQ WMI      00000001 MSFT 03000001)
сен 22 14:00:30 SNE09 kernel: ACPI: ASF! 0x00000000CB920DB8 0000A5 (v32 INTEL   HCG     00000001 TFSM 000F4240)
сен 22 14:00:30 SNE09 kernel: ACPI: TCPA 0x00000000CB920E60 000032 (v02 APTIO4 NAPAASF  00000001 MSFT 01000013)
сен 22 14:00:30 SNE09 kernel: ACPI: Local APIC address 0xfee00000
сен 22 14:00:30 SNE09 kernel: No NUMA configuration found
сен 22 14:00:30 SNE09 kernel: Faking a node at [mem 0x0000000000000000-0x000000022edfffff]
сен 22 14:00:30 SNE09 kernel: NODE_DATA(0) allocated [mem 0x22edf6000-0x22edfafff]
сен 22 14:00:30 SNE09 kernel: Zone ranges:
сен 22 14:00:30 SNE09 kernel:   DMA      [mem 0x0000000000001000-0x0000000000ffffff]
сен 22 14:00:30 SNE09 kernel:   DMA32    [mem 0x0000000001000000-0x00000000ffffffff]
сен 22 14:00:30 SNE09 kernel:   Normal   [mem 0x0000000100000000-0x000000022edfffff]
сен 22 14:00:30 SNE09 kernel:   Device   empty
сен 22 14:00:30 SNE09 kernel: Movable zone start for each node
сен 22 14:00:30 SNE09 kernel: Early memory node ranges
сен 22 14:00:30 SNE09 kernel:   node   0: [mem 0x0000000000001000-0x000000000009cfff]
сен 22 14:00:30 SNE09 kernel:   node   0: [mem 0x0000000000100000-0x00000000b80dffff]
сен 22 14:00:30 SNE09 kernel:   node   0: [mem 0x00000000b80e7000-0x00000000b852afff]
сен 22 14:00:30 SNE09 kernel:   node   0: [mem 0x00000000b88dd000-0x00000000cb876fff]
сен 22 14:00:30 SNE09 kernel:   node   0: [mem 0x00000000cbfff000-0x00000000cbffffff]
сен 22 14:00:30 SNE09 kernel:   node   0: [mem 0x0000000100000000-0x000000022edfffff]
сен 22 14:00:30 SNE09 kernel: Initmem setup node 0 [mem 0x0000000000001000-0x000000022edfffff]
сен 22 14:00:30 SNE09 kernel: On node 0 totalpages: 2073179
сен 22 14:00:30 SNE09 kernel:   DMA zone: 64 pages used for memmap
сен 22 14:00:30 SNE09 kernel:   DMA zone: 21 pages reserved
сен 22 14:00:30 SNE09 kernel:   DMA zone: 3996 pages, LIFO batch:0
сен 22 14:00:30 SNE09 kernel:   DMA32 zone: 12947 pages used for memmap
сен 22 14:00:30 SNE09 kernel:   DMA32 zone: 828607 pages, LIFO batch:31
сен 22 14:00:30 SNE09 kernel:   Normal zone: 19384 pages used for memmap
сен 22 14:00:30 SNE09 kernel:   Normal zone: 1240576 pages, LIFO batch:31
сен 22 14:00:30 SNE09 kernel: ACPI: PM-Timer IO Port: 0x408
сен 22 14:00:30 SNE09 kernel: ACPI: Local APIC address 0xfee00000
сен 22 14:00:30 SNE09 kernel: ACPI: LAPIC_NMI (acpi_id[0xff] high edge lint[0x1])
сен 22 14:00:30 SNE09 kernel: IOAPIC[0]: apic_id 8, version 32, address 0xfec00000, GSI 0-23
сен 22 14:00:30 SNE09 kernel: ACPI: INT_SRC_OVR (bus 0 bus_irq 0 global_irq 2 dfl dfl)
сен 22 14:00:30 SNE09 kernel: ACPI: INT_SRC_OVR (bus 0 bus_irq 9 global_irq 9 high level)
сен 22 14:00:30 SNE09 kernel: ACPI: IRQ0 used by override.
сен 22 14:00:30 SNE09 kernel: ACPI: IRQ9 used by override.
сен 22 14:00:30 SNE09 kernel: Using ACPI (MADT) for SMP configuration information
сен 22 14:00:30 SNE09 kernel: ACPI: HPET id: 0x8086a701 base: 0xfed00000
сен 22 14:00:30 SNE09 kernel: smpboot: Allowing 4 CPUs, 0 hotplug CPUs
сен 22 14:00:30 SNE09 kernel: PM: Registered nosave memory: [mem 0x00000000-0x00000fff]
сен 22 14:00:30 SNE09 kernel: PM: Registered nosave memory: [mem 0x0009d000-0x0009dfff]
сен 22 14:00:30 SNE09 kernel: PM: Registered nosave memory: [mem 0x0009e000-0x0009ffff]
сен 22 14:00:30 SNE09 kernel: PM: Registered nosave memory: [mem 0x000a0000-0x000dffff]
сен 22 14:00:30 SNE09 kernel: PM: Registered nosave memory: [mem 0x000e0000-0x000fffff]
сен 22 14:00:30 SNE09 kernel: PM: Registered nosave memory: [mem 0xb80e0000-0xb80e6fff]
сен 22 14:00:30 SNE09 kernel: PM: Registered nosave memory: [mem 0xb852b000-0xb88dcfff]
сен 22 14:00:30 SNE09 kernel: PM: Registered nosave memory: [mem 0xcb877000-0xcb900fff]
сен 22 14:00:30 SNE09 kernel: PM: Registered nosave memory: [mem 0xcb901000-0xcb920fff]
сен 22 14:00:30 SNE09 kernel: PM: Registered nosave memory: [mem 0xcb921000-0xcba0cfff]
сен 22 14:00:30 SNE09 kernel: PM: Registered nosave memory: [mem 0xcba0d000-0xcbffefff]
сен 22 14:00:30 SNE09 kernel: PM: Registered nosave memory: [mem 0xcc000000-0xccffffff]
сен 22 14:00:30 SNE09 kernel: PM: Registered nosave memory: [mem 0xcd000000-0xcf1fffff]
сен 22 14:00:30 SNE09 kernel: PM: Registered nosave memory: [mem 0xcf200000-0xf7ffffff]
сен 22 14:00:30 SNE09 kernel: PM: Registered nosave memory: [mem 0xf8000000-0xfbffffff]
сен 22 14:00:30 SNE09 kernel: PM: Registered nosave memory: [mem 0xfc000000-0xfebfffff]
сен 22 14:00:30 SNE09 kernel: PM: Registered nosave memory: [mem 0xfec00000-0xfec00fff]
сен 22 14:00:30 SNE09 kernel: PM: Registered nosave memory: [mem 0xfec01000-0xfecfffff]
сен 22 14:00:30 SNE09 kernel: PM: Registered nosave memory: [mem 0xfed00000-0xfed03fff]
сен 22 14:00:30 SNE09 kernel: PM: Registered nosave memory: [mem 0xfed04000-0xfed1bfff]
сен 22 14:00:30 SNE09 kernel: PM: Registered nosave memory: [mem 0xfed1c000-0xfed1ffff]
сен 22 14:00:30 SNE09 kernel: PM: Registered nosave memory: [mem 0xfed20000-0xfedfffff]
сен 22 14:00:30 SNE09 kernel: PM: Registered nosave memory: [mem 0xfee00000-0xfee00fff]
сен 22 14:00:30 SNE09 kernel: PM: Registered nosave memory: [mem 0xfee01000-0xfeffffff]
сен 22 14:00:30 SNE09 kernel: PM: Registered nosave memory: [mem 0xff000000-0xffffffff]
сен 22 14:00:30 SNE09 kernel: e820: [mem 0xcf200000-0xf7ffffff] available for PCI devices
сен 22 14:00:30 SNE09 kernel: Booting paravirtualized kernel on bare hardware
сен 22 14:00:30 SNE09 kernel: clocksource: refined-jiffies: mask: 0xffffffff max_cycles: 0xffffffff, max_idle_ns: 7645519600211568 ns
сен 22 14:00:30 SNE09 kernel: setup_percpu: NR_CPUS:256 nr_cpumask_bits:256 nr_cpu_ids:4 nr_node_ids:1
сен 22 14:00:30 SNE09 kernel: PERCPU: Embedded 33 pages/cpu @ffff88022ea00000 s98008 r8192 d28968 u524288
сен 22 14:00:30 SNE09 kernel: pcpu-alloc: s98008 r8192 d28968 u524288 alloc=1*2097152
сен 22 14:00:30 SNE09 kernel: pcpu-alloc: [0] 0 1 2 3 
сен 22 14:00:30 SNE09 kernel: Built 1 zonelists in Node order, mobility grouping on.  Total pages: 2040763
сен 22 14:00:30 SNE09 kernel: Policy zone: Normal
сен 22 14:00:30 SNE09 kernel: Kernel command line: BOOT_IMAGE=/boot/vmlinuz-4.4.0-38-generic root=UUID=947e0886-b8ab-4dda-b08d-19108a5c1c5e ro quiet splash vt.handoff=7
сен 22 14:00:30 SNE09 kernel: PID hash table entries: 4096 (order: 3, 32768 bytes)
сен 22 14:00:30 SNE09 kernel: Calgary: detecting Calgary via BIOS EBDA area
сен 22 14:00:30 SNE09 kernel: Calgary: Unable to locate Rio Grande table in EBDA - bailing!
сен 22 14:00:30 SNE09 kernel: Memory: 8041128K/8292716K available (8404K kernel code, 1283K rwdata, 3944K rodata, 1480K init, 1292K bss, 251588K reserved, 0K cma-reserved)
сен 22 14:00:30 SNE09 kernel: SLUB: HWalign=64, Order=0-3, MinObjects=0, CPUs=4, Nodes=1
сен 22 14:00:30 SNE09 kernel: Hierarchical RCU implementation.
сен 22 14:00:30 SNE09 kernel:         Build-time adjustment of leaf fanout to 64.
сен 22 14:00:30 SNE09 kernel:         RCU restricting CPUs from NR_CPUS=256 to nr_cpu_ids=4.
сен 22 14:00:30 SNE09 kernel: RCU: Adjusting geometry for rcu_fanout_leaf=64, nr_cpu_ids=4
сен 22 14:00:30 SNE09 kernel: NR_IRQS:16640 nr_irqs:456 16
сен 22 14:00:30 SNE09 kernel: spurious 8259A interrupt: IRQ7.
сен 22 14:00:30 SNE09 kernel: vt handoff: transparent VT on vt#7
сен 22 14:00:30 SNE09 kernel: Console: colour dummy device 80x25
сен 22 14:00:30 SNE09 kernel: console [tty0] enabled
сен 22 14:00:30 SNE09 kernel: clocksource: hpet: mask: 0xffffffff max_cycles: 0xffffffff, max_idle_ns: 133484882848 ns
сен 22 14:00:30 SNE09 kernel: hpet clockevent registered
сен 22 14:00:30 SNE09 kernel: tsc: Fast TSC calibration using PIT
сен 22 14:00:30 SNE09 kernel: tsc: Detected 3292.692 MHz processor
сен 22 14:00:30 SNE09 kernel: Calibrating delay loop (skipped), value calculated using timer frequency.. 6585.38 BogoMIPS (lpj=13170768)
сен 22 14:00:30 SNE09 kernel: pid_max: default: 32768 minimum: 301
сен 22 14:00:30 SNE09 kernel: ACPI: Core revision 20150930
сен 22 14:00:30 SNE09 kernel: ACPI: 7 ACPI AML tables successfully acquired and loaded
сен 22 14:00:30 SNE09 kernel: Security Framework initialized
сен 22 14:00:30 SNE09 kernel: Yama: becoming mindful.
сен 22 14:00:30 SNE09 kernel: AppArmor: AppArmor initialized
сен 22 14:00:30 SNE09 kernel: Dentry cache hash table entries: 1048576 (order: 11, 8388608 bytes)
сен 22 14:00:30 SNE09 kernel: Inode-cache hash table entries: 524288 (order: 10, 4194304 bytes)
сен 22 14:00:30 SNE09 kernel: Mount-cache hash table entries: 16384 (order: 5, 131072 bytes)
сен 22 14:00:30 SNE09 kernel: Mountpoint-cache hash table entries: 16384 (order: 5, 131072 bytes)
сен 22 14:00:30 SNE09 kernel: Initializing cgroup subsys io
сен 22 14:00:30 SNE09 kernel: Initializing cgroup subsys memory
сен 22 14:00:30 SNE09 kernel: Initializing cgroup subsys devices
сен 22 14:00:30 SNE09 kernel: Initializing cgroup subsys freezer
сен 22 14:00:30 SNE09 kernel: Initializing cgroup subsys net_cls
сен 22 14:00:30 SNE09 kernel: Initializing cgroup subsys perf_event
сен 22 14:00:30 SNE09 kernel: Initializing cgroup subsys net_prio
сен 22 14:00:30 SNE09 kernel: Initializing cgroup subsys hugetlb
сен 22 14:00:30 SNE09 kernel: Initializing cgroup subsys pids
сен 22 14:00:30 SNE09 kernel: CPU: Physical Processor ID: 0
сен 22 14:00:30 SNE09 kernel: CPU: Processor Core ID: 0
сен 22 14:00:30 SNE09 kernel: ENERGY_PERF_BIAS: Set to 'normal', was 'performance'
сен 22 14:00:30 SNE09 kernel: ENERGY_PERF_BIAS: View and update with x86_energy_perf_policy(8)
сен 22 14:00:30 SNE09 kernel: mce: CPU supports 9 MCE banks
сен 22 14:00:30 SNE09 kernel: CPU0: Thermal monitoring enabled (TM1)
сен 22 14:00:30 SNE09 kernel: process: using mwait in idle threads
сен 22 14:00:30 SNE09 kernel: Last level iTLB entries: 4KB 1024, 2MB 1024, 4MB 1024
сен 22 14:00:30 SNE09 kernel: Last level dTLB entries: 4KB 1024, 2MB 1024, 4MB 1024, 1GB 4
сен 22 14:00:30 SNE09 kernel: Freeing SMP alternatives memory: 32K (ffffffff820b4000 - ffffffff820bc000)
сен 22 14:00:30 SNE09 kernel: ftrace: allocating 32006 entries in 126 pages
сен 22 14:00:30 SNE09 kernel: smpboot: Max logical packages: 1
сен 22 14:00:30 SNE09 kernel: smpboot: APIC(0) Converting physical 0 to logical package 0
сен 22 14:00:30 SNE09 kernel: x2apic: IRQ remapping doesn't support X2APIC mode
сен 22 14:00:30 SNE09 kernel: ..TIMER: vector=0x30 apic1=0 pin1=2 apic2=0 pin2=0
сен 22 14:00:30 SNE09 kernel: TSC deadline timer enabled
сен 22 14:00:30 SNE09 kernel: smpboot: CPU0: Intel(R) Core(TM) i5-4590 CPU @ 3.30GHz (family: 0x6, model: 0x3c, stepping: 0x3)
сен 22 14:00:30 SNE09 kernel: Performance Events: PEBS fmt2+, 16-deep LBR, Haswell events, full-width counters, Intel PMU driver.
сен 22 14:00:30 SNE09 kernel: ... version:                3
сен 22 14:00:30 SNE09 kernel: ... bit width:              48
сен 22 14:00:30 SNE09 kernel: ... generic registers:      8
сен 22 14:00:30 SNE09 kernel: ... value mask:             0000ffffffffffff
сен 22 14:00:30 SNE09 kernel: ... max period:             0000ffffffffffff
сен 22 14:00:30 SNE09 kernel: ... fixed-purpose events:   3
сен 22 14:00:30 SNE09 kernel: ... event mask:             00000007000000ff
сен 22 14:00:30 SNE09 kernel: x86: Booting SMP configuration:
сен 22 14:00:30 SNE09 kernel: .... node  #0, CPUs:      #1
сен 22 14:00:30 SNE09 kernel: microcode: CPU1 microcode updated early to revision 0x1e, date = 2015-08-13
сен 22 14:00:30 SNE09 kernel: NMI watchdog: enabled on all CPUs, permanently consumes one hw-PMU counter.
сен 22 14:00:30 SNE09 kernel:  #2
сен 22 14:00:30 SNE09 kernel: microcode: CPU2 microcode updated early to revision 0x1e, date = 2015-08-13
сен 22 14:00:30 SNE09 kernel:  #3
сен 22 14:00:30 SNE09 kernel: microcode: CPU3 microcode updated early to revision 0x1e, date = 2015-08-13
сен 22 14:00:30 SNE09 kernel: x86: Booted up 1 node, 4 CPUs
сен 22 14:00:30 SNE09 kernel: smpboot: Total of 4 processors activated (26341.53 BogoMIPS)
сен 22 14:00:30 SNE09 kernel: devtmpfs: initialized
сен 22 14:00:30 SNE09 kernel: evm: security.selinux
сен 22 14:00:30 SNE09 kernel: evm: security.SMACK64
сен 22 14:00:30 SNE09 kernel: evm: security.SMACK64EXEC
сен 22 14:00:30 SNE09 kernel: evm: security.SMACK64TRANSMUTE
сен 22 14:00:30 SNE09 kernel: evm: security.SMACK64MMAP
сен 22 14:00:30 SNE09 kernel: evm: security.ima
сен 22 14:00:30 SNE09 kernel: evm: security.capability
сен 22 14:00:30 SNE09 kernel: PM: Registering ACPI NVS region [mem 0xb80e0000-0xb80e6fff] (28672 bytes)
сен 22 14:00:30 SNE09 kernel: PM: Registering ACPI NVS region [mem 0xcb921000-0xcba0cfff] (966656 bytes)
сен 22 14:00:30 SNE09 kernel: clocksource: jiffies: mask: 0xffffffff max_cycles: 0xffffffff, max_idle_ns: 7645041785100000 ns
сен 22 14:00:30 SNE09 kernel: pinctrl core: initialized pinctrl subsystem
сен 22 14:00:30 SNE09 kernel: RTC time: 11:00:25, date: 09/22/16
сен 22 14:00:30 SNE09 kernel: NET: Registered protocol family 16
сен 22 14:00:30 SNE09 kernel: cpuidle: using governor ladder
сен 22 14:00:30 SNE09 kernel: cpuidle: using governor menu
сен 22 14:00:30 SNE09 kernel: PCCT header not found.
сен 22 14:00:30 SNE09 kernel: ACPI FADT declares the system doesn't support PCIe ASPM, so disable it
сен 22 14:00:30 SNE09 kernel: ACPI: bus type PCI registered
сен 22 14:00:30 SNE09 kernel: acpiphp: ACPI Hot Plug PCI Controller Driver version: 0.5
сен 22 14:00:30 SNE09 kernel: PCI: MMCONFIG for domain 0000 [bus 00-3f] at [mem 0xf8000000-0xfbffffff] (base 0xf8000000)
сен 22 14:00:30 SNE09 kernel: PCI: MMCONFIG at [mem 0xf8000000-0xfbffffff] reserved in E820
сен 22 14:00:30 SNE09 kernel: pmd_set_huge: Cannot satisfy [mem 0xf8000000-0xf8200000] with a huge-page mapping due to MTRR override.
сен 22 14:00:30 SNE09 kernel: PCI: Using configuration type 1 for base access
сен 22 14:00:30 SNE09 kernel: NMI watchdog: enabled on all CPUs, permanently consumes one hw-PMU counter.
сен 22 14:00:30 SNE09 kernel: core: PMU erratum BJ122, BV98, HSD29 workaround disabled, HT off
сен 22 14:00:30 SNE09 kernel: ACPI: Added _OSI(Module Device)
сен 22 14:00:30 SNE09 kernel: ACPI: Added _OSI(Processor Device)
сен 22 14:00:30 SNE09 kernel: ACPI: Added _OSI(3.0 _SCP Extensions)
сен 22 14:00:30 SNE09 kernel: ACPI: Added _OSI(Processor Aggregator Device)
сен 22 14:00:30 SNE09 kernel: ACPI: Executed 1 blocks of module-level executable AML code
сен 22 14:00:30 SNE09 kernel: [Firmware Bug]: ACPI: BIOS _OSI(Linux) query ignored
сен 22 14:00:30 SNE09 kernel: ACPI: Dynamic OEM Table Load:
сен 22 14:00:30 SNE09 kernel: ACPI: SSDT 0xFFFF880224D7A800 0003D3 (v01 PmRef  Cpu0Cst  00003001 INTL 20120711)
сен 22 14:00:30 SNE09 kernel: ACPI: Dynamic OEM Table Load:
сен 22 14:00:30 SNE09 kernel: ACPI: SSDT 0xFFFF88022538A000 0005AA (v01 PmRef  ApIst    00003000 INTL 20120711)
сен 22 14:00:30 SNE09 kernel: ACPI: Dynamic OEM Table Load:
сен 22 14:00:30 SNE09 kernel: ACPI: SSDT 0xFFFF880224D1F800 000119 (v01 PmRef  ApCst    00003000 INTL 20120711)
сен 22 14:00:30 SNE09 kernel: ACPI: Interpreter enabled
сен 22 14:00:30 SNE09 kernel: ACPI Exception: AE_NOT_FOUND, While evaluating Sleep State [\_S1_] (20150930/hwxface-580)
сен 22 14:00:30 SNE09 kernel: ACPI Exception: AE_NOT_FOUND, While evaluating Sleep State [\_S2_] (20150930/hwxface-580)
сен 22 14:00:30 SNE09 kernel: ACPI: (supports S0 S3 S4 S5)
сен 22 14:00:30 SNE09 kernel: ACPI: Using IOAPIC for interrupt routing
сен 22 14:00:30 SNE09 kernel: PCI: Using host bridge windows from ACPI; if necessary, use "pci=nocrs" and report a bug
сен 22 14:00:30 SNE09 kernel: ACPI: Power Resource [FN00] (off)
сен 22 14:00:30 SNE09 kernel: ACPI: Power Resource [FN01] (off)
сен 22 14:00:30 SNE09 kernel: ACPI: PCI Root Bridge [PCI0] (domain 0000 [bus 00-3e])
сен 22 14:00:30 SNE09 kernel: acpi PNP0A08:00: _OSC: OS supports [ExtendedConfig ASPM ClockPM Segments MSI]
сен 22 14:00:30 SNE09 kernel: acpi PNP0A08:00: _OSC: platform does not support [PCIeHotplug PME]
сен 22 14:00:30 SNE09 kernel: acpi PNP0A08:00: _OSC: OS now controls [AER PCIeCapability]
сен 22 14:00:30 SNE09 kernel: acpi PNP0A08:00: FADT indicates ASPM is unsupported, using BIOS configuration
сен 22 14:00:30 SNE09 kernel: PCI host bridge to bus 0000:00
сен 22 14:00:30 SNE09 kernel: pci_bus 0000:00: root bus resource [io  0x0000-0x0cf7 window]
сен 22 14:00:30 SNE09 kernel: pci_bus 0000:00: root bus resource [io  0x0d00-0xffff window]
сен 22 14:00:30 SNE09 kernel: pci_bus 0000:00: root bus resource [mem 0x000a0000-0x000bffff window]
сен 22 14:00:30 SNE09 kernel: pci_bus 0000:00: root bus resource [mem 0x000d0000-0x000d3fff window]
сен 22 14:00:30 SNE09 kernel: pci_bus 0000:00: root bus resource [mem 0x000d4000-0x000d7fff window]
сен 22 14:00:30 SNE09 kernel: pci_bus 0000:00: root bus resource [mem 0x000d8000-0x000dbfff window]
сен 22 14:00:30 SNE09 kernel: pci_bus 0000:00: root bus resource [mem 0x000dc000-0x000dffff window]
сен 22 14:00:30 SNE09 kernel: pci_bus 0000:00: root bus resource [mem 0x000e0000-0x000e3fff window]
сен 22 14:00:30 SNE09 kernel: pci_bus 0000:00: root bus resource [mem 0x000e4000-0x000e7fff window]
сен 22 14:00:30 SNE09 kernel: pci_bus 0000:00: root bus resource [mem 0xcf200000-0xfeafffff window]
сен 22 14:00:30 SNE09 kernel: pci_bus 0000:00: root bus resource [bus 00-3e]
сен 22 14:00:30 SNE09 kernel: pci 0000:00:00.0: [8086:0c00] type 00 class 0x060000
сен 22 14:00:30 SNE09 kernel: pci 0000:00:01.0: [8086:0c01] type 01 class 0x060400
сен 22 14:00:30 SNE09 kernel: pci 0000:00:01.0: PME# supported from D0 D3hot D3cold
сен 22 14:00:30 SNE09 kernel: pci 0000:00:01.0: System wakeup disabled by ACPI
сен 22 14:00:30 SNE09 kernel: pci 0000:00:02.0: [8086:0412] type 00 class 0x038000
сен 22 14:00:30 SNE09 kernel: pci 0000:00:02.0: reg 0x10: [mem 0xf7800000-0xf7bfffff 64bit]
сен 22 14:00:30 SNE09 kernel: pci 0000:00:02.0: reg 0x18: [mem 0xd0000000-0xdfffffff 64bit pref]
сен 22 14:00:30 SNE09 kernel: pci 0000:00:02.0: reg 0x20: [io  0xf000-0xf03f]
сен 22 14:00:30 SNE09 kernel: pci 0000:00:03.0: [8086:0c0c] type 00 class 0x040300
сен 22 14:00:30 SNE09 kernel: pci 0000:00:03.0: reg 0x10: [mem 0xf7d34000-0xf7d37fff 64bit]
сен 22 14:00:30 SNE09 kernel: pci 0000:00:14.0: [8086:8c31] type 00 class 0x0c0330
сен 22 14:00:30 SNE09 kernel: pci 0000:00:14.0: reg 0x10: [mem 0xf7d20000-0xf7d2ffff 64bit]
сен 22 14:00:30 SNE09 kernel: pci 0000:00:14.0: PME# supported from D3hot D3cold
сен 22 14:00:30 SNE09 kernel: pci 0000:00:14.0: System wakeup disabled by ACPI
сен 22 14:00:30 SNE09 kernel: pci 0000:00:16.0: [8086:8c3a] type 00 class 0x078000
сен 22 14:00:30 SNE09 kernel: pci 0000:00:16.0: reg 0x10: [mem 0xf7d40000-0xf7d4000f 64bit]
сен 22 14:00:30 SNE09 kernel: pci 0000:00:16.0: PME# supported from D0 D3hot D3cold
сен 22 14:00:30 SNE09 kernel: pci 0000:00:16.3: [8086:8c3d] type 00 class 0x070002
сен 22 14:00:30 SNE09 kernel: pci 0000:00:16.3: reg 0x10: [io  0xf0e0-0xf0e7]
сен 22 14:00:30 SNE09 kernel: pci 0000:00:16.3: reg 0x14: [mem 0xf7d3e000-0xf7d3efff]
сен 22 14:00:30 SNE09 kernel: pci 0000:00:19.0: [8086:153a] type 00 class 0x020000
сен 22 14:00:30 SNE09 kernel: pci 0000:00:19.0: reg 0x10: [mem 0xf7d00000-0xf7d1ffff]
сен 22 14:00:30 SNE09 kernel: pci 0000:00:19.0: reg 0x14: [mem 0xf7d3d000-0xf7d3dfff]
сен 22 14:00:30 SNE09 kernel: pci 0000:00:19.0: reg 0x18: [io  0xf080-0xf09f]
сен 22 14:00:30 SNE09 kernel: pci 0000:00:19.0: PME# supported from D0 D3hot D3cold
сен 22 14:00:30 SNE09 kernel: pci 0000:00:19.0: System wakeup disabled by ACPI
сен 22 14:00:30 SNE09 kernel: pci 0000:00:1a.0: [8086:8c2d] type 00 class 0x0c0320
сен 22 14:00:30 SNE09 kernel: pci 0000:00:1a.0: reg 0x10: [mem 0xf7d3c000-0xf7d3c3ff]
сен 22 14:00:30 SNE09 kernel: pci 0000:00:1a.0: PME# supported from D0 D3hot D3cold
сен 22 14:00:30 SNE09 kernel: pci 0000:00:1a.0: System wakeup disabled by ACPI
сен 22 14:00:30 SNE09 kernel: pci 0000:00:1b.0: [8086:8c20] type 00 class 0x040300
сен 22 14:00:30 SNE09 kernel: pci 0000:00:1b.0: reg 0x10: [mem 0xf7d30000-0xf7d33fff 64bit]
сен 22 14:00:30 SNE09 kernel: pci 0000:00:1b.0: PME# supported from D0 D3hot D3cold
сен 22 14:00:30 SNE09 kernel: pci 0000:00:1b.0: System wakeup disabled by ACPI
сен 22 14:00:30 SNE09 kernel: pci 0000:00:1d.0: [8086:8c26] type 00 class 0x0c0320
сен 22 14:00:30 SNE09 kernel: pci 0000:00:1d.0: reg 0x10: [mem 0xf7d3b000-0xf7d3b3ff]
сен 22 14:00:30 SNE09 kernel: pci 0000:00:1d.0: PME# supported from D0 D3hot D3cold
сен 22 14:00:30 SNE09 kernel: pci 0000:00:1d.0: System wakeup disabled by ACPI
сен 22 14:00:30 SNE09 kernel: pci 0000:00:1f.0: [8086:8c4e] type 00 class 0x060100
сен 22 14:00:30 SNE09 kernel: pci 0000:00:1f.2: [8086:8c02] type 00 class 0x010601
сен 22 14:00:30 SNE09 kernel: pci 0000:00:1f.2: reg 0x10: [io  0xf0d0-0xf0d7]
сен 22 14:00:30 SNE09 kernel: pci 0000:00:1f.2: reg 0x14: [io  0xf0c0-0xf0c3]
сен 22 14:00:30 SNE09 kernel: pci 0000:00:1f.2: reg 0x18: [io  0xf0b0-0xf0b7]
сен 22 14:00:30 SNE09 kernel: pci 0000:00:1f.2: reg 0x1c: [io  0xf0a0-0xf0a3]
сен 22 14:00:30 SNE09 kernel: pci 0000:00:1f.2: reg 0x20: [io  0xf060-0xf07f]
сен 22 14:00:30 SNE09 kernel: pci 0000:00:1f.2: reg 0x24: [mem 0xf7d3a000-0xf7d3a7ff]
сен 22 14:00:30 SNE09 kernel: pci 0000:00:1f.2: PME# supported from D3hot
сен 22 14:00:30 SNE09 kernel: pci 0000:00:1f.3: [8086:8c22] type 00 class 0x0c0500
сен 22 14:00:30 SNE09 kernel: pci 0000:00:1f.3: reg 0x10: [mem 0xf7d39000-0xf7d390ff 64bit]
сен 22 14:00:30 SNE09 kernel: pci 0000:00:1f.3: reg 0x20: [io  0xf040-0xf05f]
сен 22 14:00:30 SNE09 kernel: pci 0000:01:00.0: [1002:6771] type 00 class 0x030000
сен 22 14:00:30 SNE09 kernel: pci 0000:01:00.0: reg 0x10: [mem 0xe0000000-0xefffffff 64bit pref]
сен 22 14:00:30 SNE09 kernel: pci 0000:01:00.0: reg 0x18: [mem 0xf7c20000-0xf7c3ffff 64bit]
сен 22 14:00:30 SNE09 kernel: pci 0000:01:00.0: reg 0x20: [io  0xe000-0xe0ff]
сен 22 14:00:30 SNE09 kernel: pci 0000:01:00.0: reg 0x30: [mem 0xf7c00000-0xf7c1ffff pref]
сен 22 14:00:30 SNE09 kernel: pci 0000:01:00.0: supports D1 D2
сен 22 14:00:30 SNE09 kernel: pci 0000:01:00.0: System wakeup disabled by ACPI
сен 22 14:00:30 SNE09 kernel: pci 0000:01:00.1: [1002:aa98] type 00 class 0x040300
сен 22 14:00:30 SNE09 kernel: pci 0000:01:00.1: reg 0x10: [mem 0xf7c40000-0xf7c43fff 64bit]
сен 22 14:00:30 SNE09 kernel: pci 0000:01:00.1: supports D1 D2
сен 22 14:00:30 SNE09 kernel: pci 0000:00:01.0: PCI bridge to [bus 01]
сен 22 14:00:30 SNE09 kernel: pci 0000:00:01.0:   bridge window [io  0xe000-0xefff]
сен 22 14:00:30 SNE09 kernel: pci 0000:00:01.0:   bridge window [mem 0xf7c00000-0xf7cfffff]
сен 22 14:00:30 SNE09 kernel: pci 0000:00:01.0:   bridge window [mem 0xe0000000-0xefffffff 64bit pref]
сен 22 14:00:30 SNE09 kernel: ACPI: PCI Interrupt Link [LNKA] (IRQs 3 4 5 6 10 *11 12 14 15)
сен 22 14:00:30 SNE09 kernel: ACPI: PCI Interrupt Link [LNKB] (IRQs 3 4 5 6 *10 11 12 14 15)
сен 22 14:00:30 SNE09 kernel: ACPI: PCI Interrupt Link [LNKC] (IRQs 3 4 *5 6 10 11 12 14 15)
сен 22 14:00:30 SNE09 kernel: ACPI: PCI Interrupt Link [LNKD] (IRQs 3 4 *5 6 10 11 12 14 15)
сен 22 14:00:30 SNE09 kernel: ACPI: PCI Interrupt Link [LNKE] (IRQs *3 4 5 6 10 11 12 14 15)
сен 22 14:00:30 SNE09 kernel: ACPI: PCI Interrupt Link [LNKF] (IRQs 3 4 5 6 10 11 12 14 15) *0, disabled.
сен 22 14:00:30 SNE09 kernel: ACPI: PCI Interrupt Link [LNKG] (IRQs 3 4 5 6 10 *11 12 14 15)
сен 22 14:00:30 SNE09 kernel: ACPI: PCI Interrupt Link [LNKH] (IRQs 3 4 5 6 *10 11 12 14 15)
сен 22 14:00:30 SNE09 kernel: ACPI: Enabled 4 GPEs in block 00 to 3F
сен 22 14:00:30 SNE09 kernel: vgaarb: setting as boot device: PCI:0000:01:00.0
сен 22 14:00:30 SNE09 kernel: vgaarb: device added: PCI:0000:01:00.0,decodes=io+mem,owns=io+mem,locks=none
сен 22 14:00:30 SNE09 kernel: vgaarb: loaded
сен 22 14:00:30 SNE09 kernel: vgaarb: bridge control possible 0000:01:00.0
сен 22 14:00:30 SNE09 kernel: SCSI subsystem initialized
сен 22 14:00:30 SNE09 kernel: libata version 3.00 loaded.
сен 22 14:00:30 SNE09 kernel: ACPI: bus type USB registered
сен 22 14:00:30 SNE09 kernel: usbcore: registered new interface driver usbfs
сен 22 14:00:30 SNE09 kernel: usbcore: registered new interface driver hub
сен 22 14:00:30 SNE09 kernel: usbcore: registered new device driver usb
сен 22 14:00:30 SNE09 kernel: PCI: Using ACPI for IRQ routing
сен 22 14:00:30 SNE09 kernel: PCI: pci_cache_line_size set to 64 bytes
сен 22 14:00:30 SNE09 kernel: e820: reserve RAM buffer [mem 0x0009dc00-0x0009ffff]
сен 22 14:00:30 SNE09 kernel: e820: reserve RAM buffer [mem 0xb80e0000-0xbbffffff]
сен 22 14:00:30 SNE09 kernel: e820: reserve RAM buffer [mem 0xb852b000-0xbbffffff]
сен 22 14:00:30 SNE09 kernel: e820: reserve RAM buffer [mem 0xcb877000-0xcbffffff]
сен 22 14:00:30 SNE09 kernel: e820: reserve RAM buffer [mem 0x22ee00000-0x22fffffff]
сен 22 14:00:30 SNE09 kernel: NetLabel: Initializing
сен 22 14:00:30 SNE09 kernel: NetLabel:  domain hash size = 128
сен 22 14:00:30 SNE09 kernel: NetLabel:  protocols = UNLABELED CIPSOv4
сен 22 14:00:30 SNE09 kernel: NetLabel:  unlabeled traffic allowed by default
сен 22 14:00:30 SNE09 kernel: hpet0: at MMIO 0xfed00000, IRQs 2, 8, 0, 0, 0, 0, 0, 0
сен 22 14:00:30 SNE09 kernel: hpet0: 8 comparators, 64-bit 14.318180 MHz counter
сен 22 14:00:30 SNE09 kernel: amd_nb: Cannot enumerate AMD northbridges
сен 22 14:00:30 SNE09 kernel: clocksource: Switched to clocksource hpet
сен 22 14:00:30 SNE09 kernel: AppArmor: AppArmor Filesystem Enabled
сен 22 14:00:30 SNE09 kernel: pnp: PnP ACPI init
сен 22 14:00:30 SNE09 kernel: system 00:00: [mem 0xfed40000-0xfed44fff] has been reserved
сен 22 14:00:30 SNE09 kernel: system 00:00: Plug and Play ACPI device, IDs PNP0c01 (active)
сен 22 14:00:30 SNE09 kernel: pnp 00:01: can't evaluate _CRS: 12311
сен 22 14:00:30 SNE09 kernel: system 00:01: Plug and Play ACPI device, IDs PNP0c02 (active)
сен 22 14:00:30 SNE09 kernel: pnp 00:02: Plug and Play ACPI device, IDs PNP0b00 (active)
сен 22 14:00:30 SNE09 kernel: system 00:03: [io  0x1854-0x1857] has been reserved
сен 22 14:00:30 SNE09 kernel: system 00:03: Plug and Play ACPI device, IDs INT3f0d PNP0c02 (active)
сен 22 14:00:30 SNE09 kernel: system 00:04: [io  0x0a20-0x0a3f] has been reserved
сен 22 14:00:30 SNE09 kernel: system 00:04: [io  0x0a10-0x0a1f] has been reserved
сен 22 14:00:30 SNE09 kernel: system 00:04: Plug and Play ACPI device, IDs PNP0c02 (active)
сен 22 14:00:30 SNE09 kernel: pnp 00:05: Plug and Play ACPI device, IDs PNP0303 PNP030b (active)
сен 22 14:00:30 SNE09 kernel: pnp 00:06: Plug and Play ACPI device, IDs PNP0f03 PNP0f13 (active)
сен 22 14:00:30 SNE09 kernel: system 00:07: [io  0x04d0-0x04d1] has been reserved
сен 22 14:00:30 SNE09 kernel: system 00:07: Plug and Play ACPI device, IDs PNP0c02 (active)
сен 22 14:00:30 SNE09 kernel: pnp 00:08: [dma 0 disabled]
сен 22 14:00:30 SNE09 kernel: pnp 00:08: Plug and Play ACPI device, IDs PNP0501 (active)
сен 22 14:00:30 SNE09 kernel: pnp 00:09: Plug and Play ACPI device, IDs IFX0102 PNP0c31 (active)
сен 22 14:00:30 SNE09 kernel: system 00:0a: [mem 0xfed1c000-0xfed1ffff] has been reserved
сен 22 14:00:30 SNE09 kernel: system 00:0a: [mem 0xfed10000-0xfed17fff] has been reserved
сен 22 14:00:30 SNE09 kernel: system 00:0a: [mem 0xfed18000-0xfed18fff] has been reserved
сен 22 14:00:30 SNE09 kernel: system 00:0a: [mem 0xfed19000-0xfed19fff] has been reserved
сен 22 14:00:30 SNE09 kernel: system 00:0a: [mem 0xf8000000-0xfbffffff] has been reserved
сен 22 14:00:30 SNE09 kernel: system 00:0a: [mem 0xfed20000-0xfed3ffff] has been reserved
сен 22 14:00:30 SNE09 kernel: system 00:0a: [mem 0xfed90000-0xfed93fff] has been reserved
сен 22 14:00:30 SNE09 kernel: system 00:0a: [mem 0xfed45000-0xfed8ffff] has been reserved
сен 22 14:00:30 SNE09 kernel: system 00:0a: [mem 0xff000000-0xffffffff] has been reserved
сен 22 14:00:30 SNE09 kernel: system 00:0a: [mem 0xfee00000-0xfeefffff] could not be reserved
сен 22 14:00:30 SNE09 kernel: system 00:0a: [mem 0xf7fdf000-0xf7fdffff] has been reserved
сен 22 14:00:30 SNE09 kernel: system 00:0a: [mem 0xf7fe0000-0xf7feffff] has been reserved
сен 22 14:00:30 SNE09 kernel: system 00:0a: Plug and Play ACPI device, IDs PNP0c02 (active)
сен 22 14:00:30 SNE09 kernel: pnp: PnP ACPI: found 11 devices
сен 22 14:00:30 SNE09 kernel: clocksource: acpi_pm: mask: 0xffffff max_cycles: 0xffffff, max_idle_ns: 2085701024 ns
сен 22 14:00:30 SNE09 kernel: pci 0000:00:01.0: PCI bridge to [bus 01]
сен 22 14:00:30 SNE09 kernel: pci 0000:00:01.0:   bridge window [io  0xe000-0xefff]
сен 22 14:00:30 SNE09 kernel: pci 0000:00:01.0:   bridge window [mem 0xf7c00000-0xf7cfffff]
сен 22 14:00:30 SNE09 kernel: pci 0000:00:01.0:   bridge window [mem 0xe0000000-0xefffffff 64bit pref]
сен 22 14:00:30 SNE09 kernel: pci_bus 0000:00: resource 4 [io  0x0000-0x0cf7 window]
сен 22 14:00:30 SNE09 kernel: pci_bus 0000:00: resource 5 [io  0x0d00-0xffff window]
сен 22 14:00:30 SNE09 kernel: pci_bus 0000:00: resource 6 [mem 0x000a0000-0x000bffff window]
сен 22 14:00:30 SNE09 kernel: pci_bus 0000:00: resource 7 [mem 0x000d0000-0x000d3fff window]
сен 22 14:00:30 SNE09 kernel: pci_bus 0000:00: resource 8 [mem 0x000d4000-0x000d7fff window]
сен 22 14:00:30 SNE09 kernel: pci_bus 0000:00: resource 9 [mem 0x000d8000-0x000dbfff window]
сен 22 14:00:30 SNE09 kernel: pci_bus 0000:00: resource 10 [mem 0x000dc000-0x000dffff window]
сен 22 14:00:30 SNE09 kernel: pci_bus 0000:00: resource 11 [mem 0x000e0000-0x000e3fff window]
сен 22 14:00:30 SNE09 kernel: pci_bus 0000:00: resource 12 [mem 0x000e4000-0x000e7fff window]
сен 22 14:00:30 SNE09 kernel: pci_bus 0000:00: resource 13 [mem 0xcf200000-0xfeafffff window]
сен 22 14:00:30 SNE09 kernel: pci_bus 0000:01: resource 0 [io  0xe000-0xefff]
сен 22 14:00:30 SNE09 kernel: pci_bus 0000:01: resource 1 [mem 0xf7c00000-0xf7cfffff]
сен 22 14:00:30 SNE09 kernel: pci_bus 0000:01: resource 2 [mem 0xe0000000-0xefffffff 64bit pref]
сен 22 14:00:30 SNE09 kernel: NET: Registered protocol family 2
сен 22 14:00:30 SNE09 kernel: TCP established hash table entries: 65536 (order: 7, 524288 bytes)
сен 22 14:00:30 SNE09 kernel: TCP bind hash table entries: 65536 (order: 8, 1048576 bytes)
сен 22 14:00:30 SNE09 kernel: TCP: Hash tables configured (established 65536 bind 65536)
сен 22 14:00:30 SNE09 kernel: UDP hash table entries: 4096 (order: 5, 131072 bytes)
сен 22 14:00:30 SNE09 kernel: UDP-Lite hash table entries: 4096 (order: 5, 131072 bytes)
сен 22 14:00:30 SNE09 kernel: NET: Registered protocol family 1
сен 22 14:00:30 SNE09 kernel: pci 0000:01:00.0: Video device with shadowed ROM
сен 22 14:00:30 SNE09 kernel: PCI: CLS 64 bytes, default 64
сен 22 14:00:30 SNE09 kernel: Trying to unpack rootfs image as initramfs...
сен 22 14:00:30 SNE09 kernel: Freeing initrd memory: 35100K (ffff880033b62000 - ffff880035da9000)
сен 22 14:00:30 SNE09 kernel: PCI-DMA: Using software bounce buffering for IO (SWIOTLB)
сен 22 14:00:30 SNE09 kernel: software IO TLB [mem 0xc7877000-0xcb877000] (64MB) mapped at [ffff8800c7877000-ffff8800cb876fff]
сен 22 14:00:30 SNE09 kernel: RAPL PMU detected, API unit is 2^-32 Joules, 4 fixed counters 655360 ms ovfl timer
сен 22 14:00:30 SNE09 kernel: hw unit of domain pp0-core 2^-14 Joules
сен 22 14:00:30 SNE09 kernel: hw unit of domain package 2^-14 Joules
сен 22 14:00:30 SNE09 kernel: hw unit of domain dram 2^-14 Joules
сен 22 14:00:30 SNE09 kernel: hw unit of domain pp1-gpu 2^-14 Joules
сен 22 14:00:30 SNE09 kernel: Scanning for low memory corruption every 60 seconds
сен 22 14:00:30 SNE09 kernel: futex hash table entries: 1024 (order: 4, 65536 bytes)
сен 22 14:00:30 SNE09 kernel: audit: initializing netlink subsys (disabled)
сен 22 14:00:30 SNE09 kernel: audit: type=2000 audit(1474542025.584:1): initialized
сен 22 14:00:30 SNE09 kernel: Initialise system trusted keyring
сен 22 14:00:30 SNE09 kernel: HugeTLB registered 1 GB page size, pre-allocated 0 pages
сен 22 14:00:30 SNE09 kernel: HugeTLB registered 2 MB page size, pre-allocated 0 pages
сен 22 14:00:30 SNE09 kernel: zbud: loaded
сен 22 14:00:30 SNE09 kernel: VFS: Disk quotas dquot_6.6.0
сен 22 14:00:30 SNE09 kernel: VFS: Dquot-cache hash table entries: 512 (order 0, 4096 bytes)
сен 22 14:00:30 SNE09 kernel: squashfs: version 4.0 (2009/01/31) Phillip Lougher
сен 22 14:00:30 SNE09 kernel: fuse init (API version 7.23)
сен 22 14:00:30 SNE09 kernel: Key type big_key registered
сен 22 14:00:30 SNE09 kernel: Allocating IMA MOK and blacklist keyrings.
сен 22 14:00:30 SNE09 kernel: Key type asymmetric registered
сен 22 14:00:30 SNE09 kernel: Asymmetric key parser 'x509' registered
сен 22 14:00:30 SNE09 kernel: Block layer SCSI generic (bsg) driver version 0.4 loaded (major 249)
сен 22 14:00:30 SNE09 kernel: io scheduler noop registered
сен 22 14:00:30 SNE09 kernel: io scheduler deadline registered (default)
сен 22 14:00:30 SNE09 kernel: io scheduler cfq registered
сен 22 14:00:30 SNE09 kernel: pci_hotplug: PCI Hot Plug PCI Core version: 0.5
сен 22 14:00:30 SNE09 kernel: pciehp: PCI Express Hot Plug Controller Driver version: 0.4
сен 22 14:00:30 SNE09 kernel: vesafb: mode is 1400x1050x32, linelength=5632, pages=0
сен 22 14:00:30 SNE09 kernel: vesafb: scrolling: redraw
сен 22 14:00:30 SNE09 kernel: vesafb: Truecolor: size=0:8:8:8, shift=0:16:8:0
сен 22 14:00:30 SNE09 kernel: vesafb: framebuffer at 0xe0000000, mapped to 0xffffc90001000000, using 5824k, total 5824k
сен 22 14:00:30 SNE09 kernel: Console: switching to colour frame buffer device 175x65
сен 22 14:00:30 SNE09 kernel: fb0: VESA VGA frame buffer device
сен 22 14:00:30 SNE09 kernel: intel_idle: MWAIT substates: 0x42120
сен 22 14:00:30 SNE09 kernel: intel_idle: v0.4.1 model 0x3C
сен 22 14:00:30 SNE09 kernel: intel_idle: lapic_timer_reliable_states 0xffffffff
сен 22 14:00:30 SNE09 kernel: input: Power Button as /devices/LNXSYSTM:00/LNXSYBUS:00/PNP0C0C:00/input/input0
сен 22 14:00:30 SNE09 kernel: ACPI: Power Button [PWRB]
сен 22 14:00:30 SNE09 kernel: input: Power Button as /devices/LNXSYSTM:00/LNXPWRBN:00/input/input1
сен 22 14:00:30 SNE09 kernel: ACPI: Power Button [PWRF]
сен 22 14:00:30 SNE09 kernel: ACPI: Invalid active2 threshold
сен 22 14:00:30 SNE09 kernel: thermal LNXTHERM:00: registered as thermal_zone0
сен 22 14:00:30 SNE09 kernel: ACPI: Thermal Zone [TZ00] (28 C)
сен 22 14:00:30 SNE09 kernel: thermal LNXTHERM:01: registered as thermal_zone1
сен 22 14:00:30 SNE09 kernel: ACPI: Thermal Zone [TZ01] (30 C)
сен 22 14:00:30 SNE09 kernel: GHES: HEST is not enabled!
сен 22 14:00:30 SNE09 kernel: Serial: 8250/16550 driver, 32 ports, IRQ sharing enabled
сен 22 14:00:30 SNE09 kernel: 00:08: ttyS0 at I/O 0x3f8 (irq = 4, base_baud = 115200) is a 16550A
сен 22 14:00:30 SNE09 kernel: 0000:00:16.3: ttyS4 at I/O 0xf0e0 (irq = 19, base_baud = 115200) is a 16550A
сен 22 14:00:30 SNE09 kernel: Linux agpgart interface v0.103
сен 22 14:00:30 SNE09 kernel: tpm_tis 00:09: 1.2 TPM (device-id 0xB, rev-id 16)
сен 22 14:00:30 SNE09 kernel: tpm_tis 00:09: TPM is disabled/deactivated (0x7)
сен 22 14:00:30 SNE09 kernel: brd: module loaded
сен 22 14:00:30 SNE09 kernel: loop: module loaded
сен 22 14:00:30 SNE09 kernel: libphy: Fixed MDIO Bus: probed
сен 22 14:00:30 SNE09 kernel: tun: Universal TUN/TAP device driver, 1.6
сен 22 14:00:30 SNE09 kernel: tun: (C) 1999-2004 Max Krasnyansky <maxk@qualcomm.com>
сен 22 14:00:30 SNE09 kernel: PPP generic driver version 2.4.2
сен 22 14:00:30 SNE09 kernel: ehci_hcd: USB 2.0 'Enhanced' Host Controller (EHCI) Driver
сен 22 14:00:30 SNE09 kernel: ehci-pci: EHCI PCI platform driver
сен 22 14:00:30 SNE09 kernel: ehci-pci 0000:00:1a.0: EHCI Host Controller
сен 22 14:00:30 SNE09 kernel: ehci-pci 0000:00:1a.0: new USB bus registered, assigned bus number 1
сен 22 14:00:30 SNE09 kernel: ehci-pci 0000:00:1a.0: debug port 2
сен 22 14:00:30 SNE09 kernel: ehci-pci 0000:00:1a.0: cache line size of 64 is not supported
сен 22 14:00:30 SNE09 kernel: ehci-pci 0000:00:1a.0: irq 16, io mem 0xf7d3c000
сен 22 14:00:30 SNE09 kernel: ehci-pci 0000:00:1a.0: USB 2.0 started, EHCI 1.00
сен 22 14:00:30 SNE09 kernel: usb usb1: New USB device found, idVendor=1d6b, idProduct=0002
сен 22 14:00:30 SNE09 kernel: usb usb1: New USB device strings: Mfr=3, Product=2, SerialNumber=1
сен 22 14:00:30 SNE09 kernel: usb usb1: Product: EHCI Host Controller
сен 22 14:00:30 SNE09 kernel: usb usb1: Manufacturer: Linux 4.4.0-38-generic ehci_hcd
сен 22 14:00:30 SNE09 kernel: usb usb1: SerialNumber: 0000:00:1a.0
сен 22 14:00:30 SNE09 kernel: hub 1-0:1.0: USB hub found
сен 22 14:00:30 SNE09 kernel: hub 1-0:1.0: 3 ports detected
сен 22 14:00:30 SNE09 kernel: ehci-pci 0000:00:1d.0: EHCI Host Controller
сен 22 14:00:30 SNE09 kernel: ehci-pci 0000:00:1d.0: new USB bus registered, assigned bus number 2
сен 22 14:00:30 SNE09 kernel: ehci-pci 0000:00:1d.0: debug port 2
сен 22 14:00:30 SNE09 kernel: ehci-pci 0000:00:1d.0: cache line size of 64 is not supported
сен 22 14:00:30 SNE09 kernel: ehci-pci 0000:00:1d.0: irq 23, io mem 0xf7d3b000
сен 22 14:00:30 SNE09 kernel: ehci-pci 0000:00:1d.0: USB 2.0 started, EHCI 1.00
сен 22 14:00:30 SNE09 kernel: usb usb2: New USB device found, idVendor=1d6b, idProduct=0002
сен 22 14:00:30 SNE09 kernel: usb usb2: New USB device strings: Mfr=3, Product=2, SerialNumber=1
сен 22 14:00:30 SNE09 kernel: usb usb2: Product: EHCI Host Controller
сен 22 14:00:30 SNE09 kernel: usb usb2: Manufacturer: Linux 4.4.0-38-generic ehci_hcd
сен 22 14:00:30 SNE09 kernel: usb usb2: SerialNumber: 0000:00:1d.0
сен 22 14:00:30 SNE09 kernel: hub 2-0:1.0: USB hub found
сен 22 14:00:30 SNE09 kernel: hub 2-0:1.0: 3 ports detected
сен 22 14:00:30 SNE09 kernel: ehci-platform: EHCI generic platform driver
сен 22 14:00:30 SNE09 kernel: ohci_hcd: USB 1.1 'Open' Host Controller (OHCI) Driver
сен 22 14:00:30 SNE09 kernel: ohci-pci: OHCI PCI platform driver
сен 22 14:00:30 SNE09 kernel: ohci-platform: OHCI generic platform driver
сен 22 14:00:30 SNE09 kernel: uhci_hcd: USB Universal Host Controller Interface driver
сен 22 14:00:30 SNE09 kernel: xhci_hcd 0000:00:14.0: xHCI Host Controller
сен 22 14:00:30 SNE09 kernel: xhci_hcd 0000:00:14.0: new USB bus registered, assigned bus number 3
сен 22 14:00:30 SNE09 kernel: xhci_hcd 0000:00:14.0: hcc params 0x200077c1 hci version 0x100 quirks 0x00009810
сен 22 14:00:30 SNE09 kernel: xhci_hcd 0000:00:14.0: cache line size of 64 is not supported
сен 22 14:00:30 SNE09 kernel: usb usb3: New USB device found, idVendor=1d6b, idProduct=0002
сен 22 14:00:30 SNE09 kernel: usb usb3: New USB device strings: Mfr=3, Product=2, SerialNumber=1
сен 22 14:00:30 SNE09 kernel: usb usb3: Product: xHCI Host Controller
сен 22 14:00:30 SNE09 kernel: usb usb3: Manufacturer: Linux 4.4.0-38-generic xhci-hcd
сен 22 14:00:30 SNE09 kernel: usb usb3: SerialNumber: 0000:00:14.0
сен 22 14:00:30 SNE09 kernel: hub 3-0:1.0: USB hub found
сен 22 14:00:30 SNE09 kernel: hub 3-0:1.0: 15 ports detected
сен 22 14:00:30 SNE09 kernel: xhci_hcd 0000:00:14.0: xHCI Host Controller
сен 22 14:00:30 SNE09 kernel: xhci_hcd 0000:00:14.0: new USB bus registered, assigned bus number 4
сен 22 14:00:30 SNE09 kernel: usb usb4: New USB device found, idVendor=1d6b, idProduct=0003
сен 22 14:00:30 SNE09 kernel: usb usb4: New USB device strings: Mfr=3, Product=2, SerialNumber=1
сен 22 14:00:30 SNE09 kernel: usb usb4: Product: xHCI Host Controller
сен 22 14:00:30 SNE09 kernel: usb usb4: Manufacturer: Linux 4.4.0-38-generic xhci-hcd
сен 22 14:00:30 SNE09 kernel: usb usb4: SerialNumber: 0000:00:14.0
сен 22 14:00:30 SNE09 kernel: hub 4-0:1.0: USB hub found
сен 22 14:00:30 SNE09 kernel: hub 4-0:1.0: 6 ports detected
сен 22 14:00:30 SNE09 kernel: usb: port power management may be unreliable
сен 22 14:00:30 SNE09 kernel: i8042: PNP: PS/2 Controller [PNP0303:PS2K,PNP0f03:PS2M] at 0x60,0x64 irq 1,12
сен 22 14:00:30 SNE09 kernel: serio: i8042 KBD port at 0x60,0x64 irq 1
сен 22 14:00:30 SNE09 kernel: serio: i8042 AUX port at 0x60,0x64 irq 12
сен 22 14:00:30 SNE09 kernel: mousedev: PS/2 mouse device common for all mice
сен 22 14:00:30 SNE09 kernel: rtc_cmos 00:02: RTC can wake from S4
сен 22 14:00:30 SNE09 kernel: rtc_cmos 00:02: rtc core: registered rtc_cmos as rtc0
сен 22 14:00:30 SNE09 kernel: rtc_cmos 00:02: alarms up to one month, y3k, 242 bytes nvram, hpet irqs
сен 22 14:00:30 SNE09 kernel: i2c /dev entries driver
сен 22 14:00:30 SNE09 kernel: device-mapper: uevent: version 1.0.3
сен 22 14:00:30 SNE09 kernel: device-mapper: ioctl: 4.34.0-ioctl (2015-10-28) initialised: dm-devel@redhat.com
сен 22 14:00:30 SNE09 kernel: Intel P-state driver initializing.
сен 22 14:00:30 SNE09 kernel: ledtrig-cpu: registered to indicate activity on CPUs
сен 22 14:00:30 SNE09 kernel: NET: Registered protocol family 10
сен 22 14:00:30 SNE09 kernel: NET: Registered protocol family 17
сен 22 14:00:30 SNE09 kernel: Key type dns_resolver registered
сен 22 14:00:30 SNE09 kernel: microcode: CPU0 sig=0x306c3, pf=0x2, revision=0x1e
сен 22 14:00:30 SNE09 kernel: microcode: CPU1 sig=0x306c3, pf=0x2, revision=0x1e
сен 22 14:00:30 SNE09 kernel: microcode: CPU2 sig=0x306c3, pf=0x2, revision=0x1e
сен 22 14:00:30 SNE09 kernel: microcode: CPU3 sig=0x306c3, pf=0x2, revision=0x1e
сен 22 14:00:30 SNE09 kernel: microcode: Microcode Update Driver: v2.01 <tigran@aivazian.fsnet.co.uk>, Peter Oruba
сен 22 14:00:30 SNE09 kernel: registered taskstats version 1
сен 22 14:00:30 SNE09 kernel: Loading compiled-in X.509 certificates
сен 22 14:00:30 SNE09 kernel: Loaded X.509 cert 'Build time autogenerated kernel key: 8b9fe5db9540517005e475afed63f7a6645227d6'
сен 22 14:00:30 SNE09 kernel: zswap: loaded using pool lzo/zbud
сен 22 14:00:30 SNE09 kernel: Key type trusted registered
сен 22 14:00:30 SNE09 kernel: Key type encrypted registered
сен 22 14:00:30 SNE09 kernel: AppArmor: AppArmor sha1 policy hashing enabled
сен 22 14:00:30 SNE09 kernel: tpm_tis 00:09: A TPM error (7) occurred attempting to read a pcr value
сен 22 14:00:30 SNE09 kernel: ima: No TPM chip found, activating TPM-bypass!
сен 22 14:00:30 SNE09 kernel: evm: HMAC attrs: 0x1
сен 22 14:00:30 SNE09 kernel:   Magic number: 0:798:24
сен 22 14:00:30 SNE09 kernel: misc cpu_dma_latency: hash matches
сен 22 14:00:30 SNE09 kernel: memory memory64: hash matches
сен 22 14:00:30 SNE09 kernel: rtc_cmos 00:02: setting system clock to 2016-09-22 11:00:26 UTC (1474542026)
сен 22 14:00:30 SNE09 kernel: BIOS EDD facility v0.16 2004-Jun-25, 0 devices found
сен 22 14:00:30 SNE09 kernel: EDD information not available.
сен 22 14:00:30 SNE09 kernel: PM: Hibernation image not present or could not be loaded.
сен 22 14:00:30 SNE09 kernel: Freeing unused kernel memory: 1480K (ffffffff81f42000 - ffffffff820b4000)
сен 22 14:00:30 SNE09 kernel: Write protecting the kernel read-only data: 14336k
сен 22 14:00:30 SNE09 kernel: Freeing unused kernel memory: 1824K (ffff880001838000 - ffff880001a00000)
сен 22 14:00:30 SNE09 kernel: Freeing unused kernel memory: 152K (ffff880001dda000 - ffff880001e00000)
сен 22 14:00:30 SNE09 kernel: random: systemd-udevd: uninitialized urandom read (16 bytes read, 4 bits of entropy available)
сен 22 14:00:30 SNE09 kernel: random: systemd-udevd: uninitialized urandom read (16 bytes read, 4 bits of entropy available)
сен 22 14:00:30 SNE09 kernel: random: systemd-udevd: uninitialized urandom read (16 bytes read, 4 bits of entropy available)
сен 22 14:00:30 SNE09 kernel: random: udevadm: uninitialized urandom read (16 bytes read, 4 bits of entropy available)
сен 22 14:00:30 SNE09 kernel: random: udevadm: uninitialized urandom read (16 bytes read, 4 bits of entropy available)
сен 22 14:00:30 SNE09 kernel: random: udevadm: uninitialized urandom read (16 bytes read, 4 bits of entropy available)
сен 22 14:00:30 SNE09 kernel: random: udevadm: uninitialized urandom read (16 bytes read, 4 bits of entropy available)
сен 22 14:00:30 SNE09 kernel: random: udevadm: uninitialized urandom read (16 bytes read, 4 bits of entropy available)
сен 22 14:00:30 SNE09 kernel: random: udevadm: uninitialized urandom read (16 bytes read, 4 bits of entropy available)
сен 22 14:00:30 SNE09 kernel: random: udevadm: uninitialized urandom read (16 bytes read, 4 bits of entropy available)
сен 22 14:00:30 SNE09 kernel: ACPI: Video Device [PEG0] (multi-head: yes  rom: no  post: no)
сен 22 14:00:30 SNE09 kernel: input: Video Bus as /devices/LNXSYSTM:00/LNXSYBUS:00/PNP0A08:00/LNXVIDEO:00/input/input4
сен 22 14:00:30 SNE09 kernel: ACPI: Video Device [VGA] (multi-head: yes  rom: no  post: no)
сен 22 14:00:30 SNE09 kernel: acpi device:4f: registered as cooling_device6
сен 22 14:00:30 SNE09 kernel: input: Video Bus as /devices/LNXSYSTM:00/LNXSYBUS:00/PNP0A08:00/LNXVIDEO:00/LNXVIDEO:01/input/input5
сен 22 14:00:30 SNE09 kernel: [Firmware Bug]: Duplicate ACPI video bus devices for the same VGA controller, please try module parameter "video.allow_duplicates=1"if the current driver doesn't work.
сен 22 14:00:30 SNE09 kernel: FUJITSU Extended Socket Network Device Driver - version 1.0 - Copyright (c) 2015 FUJITSU LIMITED
сен 22 14:00:30 SNE09 kernel: wmi: Mapper loaded
сен 22 14:00:30 SNE09 kernel: pps_core: LinuxPPS API ver. 1 registered
сен 22 14:00:30 SNE09 kernel: pps_core: Software ver. 5.3.6 - Copyright 2005-2007 Rodolfo Giometti <giometti@linux.it>
сен 22 14:00:30 SNE09 kernel: PTP clock support registered
сен 22 14:00:30 SNE09 kernel: [drm] Initialized drm 1.1.0 20060810
сен 22 14:00:30 SNE09 kernel: ahci 0000:00:1f.2: version 3.0
сен 22 14:00:30 SNE09 kernel: ahci 0000:00:1f.2: AHCI 0001.0300 32 slots 5 ports 6 Gbps 0x5 impl SATA mode
сен 22 14:00:30 SNE09 kernel: ahci 0000:00:1f.2: flags: 64bit ncq pm led clo pio slum part ems apst 
сен 22 14:00:30 SNE09 kernel: e1000e: Intel(R) PRO/1000 Network Driver - 3.2.6-k
сен 22 14:00:30 SNE09 kernel: e1000e: Copyright(c) 1999 - 2015 Intel Corporation.
сен 22 14:00:30 SNE09 kernel: scsi host0: ahci
сен 22 14:00:30 SNE09 kernel: [drm] radeon kernel modesetting enabled.
сен 22 14:00:30 SNE09 kernel: scsi host1: ahci
сен 22 14:00:30 SNE09 kernel: AMD IOMMUv2 driver by Joerg Roedel <jroedel@suse.de>
сен 22 14:00:30 SNE09 kernel: AMD IOMMUv2 functionality not available on this system
сен 22 14:00:30 SNE09 kernel: scsi host2: ahci
сен 22 14:00:30 SNE09 kernel: CRAT table not found
сен 22 14:00:30 SNE09 kernel: Finished initializing topology ret=0
сен 22 14:00:30 SNE09 kernel: kfd kfd: Initialized module
сен 22 14:00:30 SNE09 kernel: checking generic (e0000000 5b0000) vs hw (e0000000 10000000)
сен 22 14:00:30 SNE09 kernel: fb: switching to radeondrmfb from VESA VGA
сен 22 14:00:30 SNE09 kernel: Console: switching to colour dummy device 80x25
сен 22 14:00:30 SNE09 kernel: scsi host3: ahci
сен 22 14:00:30 SNE09 kernel: [drm] initializing kernel modesetting (CAICOS 0x1002:0x6771 0x103C:0x90B8).
сен 22 14:00:30 SNE09 kernel: [drm] register mmio base: 0xF7C20000
сен 22 14:00:30 SNE09 kernel: [drm] register mmio size: 131072
сен 22 14:00:30 SNE09 kernel: radeon 0000:01:00.0: Invalid ROM contents
сен 22 14:00:30 SNE09 kernel: scsi host4: ahci
сен 22 14:00:30 SNE09 kernel: ATOM BIOS: C36952
сен 22 14:00:30 SNE09 kernel: ata1: SATA max UDMA/133 abar m2048@0xf7d3a000 port 0xf7d3a100 irq 26
сен 22 14:00:30 SNE09 kernel: ata2: DUMMY
сен 22 14:00:30 SNE09 kernel: ata3: SATA max UDMA/133 abar m2048@0xf7d3a000 port 0xf7d3a200 irq 26
сен 22 14:00:30 SNE09 kernel: ata4: DUMMY
сен 22 14:00:30 SNE09 kernel: ata5: DUMMY
сен 22 14:00:30 SNE09 kernel: e1000e 0000:00:19.0: Interrupt Throttling Rate (ints/sec) set to dynamic conservative mode
сен 22 14:00:30 SNE09 kernel: radeon 0000:01:00.0: VRAM: 1024M 0x0000000000000000 - 0x000000003FFFFFFF (1024M used)
сен 22 14:00:30 SNE09 kernel: radeon 0000:01:00.0: GTT: 1024M 0x0000000040000000 - 0x000000007FFFFFFF
сен 22 14:00:30 SNE09 kernel: [drm] Detected VRAM RAM=1024M, BAR=256M
сен 22 14:00:30 SNE09 kernel: [drm] RAM width 64bits DDR
сен 22 14:00:30 SNE09 kernel: [TTM] Zone  kernel: Available graphics memory: 4039858 kiB
сен 22 14:00:30 SNE09 kernel: [TTM] Zone   dma32: Available graphics memory: 2097152 kiB
сен 22 14:00:30 SNE09 kernel: [TTM] Initializing pool allocator
сен 22 14:00:30 SNE09 kernel: [TTM] Initializing DMA pool allocator
сен 22 14:00:30 SNE09 kernel: [drm] radeon: 1024M of VRAM memory ready
сен 22 14:00:30 SNE09 kernel: [drm] radeon: 1024M of GTT memory ready.
сен 22 14:00:30 SNE09 kernel: [drm] Loading CAICOS Microcode
сен 22 14:00:30 SNE09 kernel: [drm] Internal thermal controller without fan control
сен 22 14:00:30 SNE09 kernel: [drm] radeon: dpm initialized
сен 22 14:00:30 SNE09 kernel: [drm] GART: num cpu pages 262144, num gpu pages 262144
сен 22 14:00:30 SNE09 kernel: [drm] enabling PCIE gen 2 link speeds, disable with radeon.pcie_gen2=0
сен 22 14:00:30 SNE09 kernel: [drm] PCIE GART of 1024M enabled (table at 0x0000000000274000).
сен 22 14:00:30 SNE09 kernel: radeon 0000:01:00.0: WB enabled
сен 22 14:00:30 SNE09 kernel: radeon 0000:01:00.0: fence driver on ring 0 use gpu addr 0x0000000040000c00 and cpu addr 0xffff88021fc9cc00
сен 22 14:00:30 SNE09 kernel: radeon 0000:01:00.0: fence driver on ring 3 use gpu addr 0x0000000040000c0c and cpu addr 0xffff88021fc9cc0c
сен 22 14:00:30 SNE09 kernel: radeon 0000:01:00.0: fence driver on ring 5 use gpu addr 0x0000000000072118 and cpu addr 0xffffc90001832118
сен 22 14:00:30 SNE09 kernel: [drm] Supports vblank timestamp caching Rev 2 (21.10.2013).
сен 22 14:00:30 SNE09 kernel: [drm] Driver supports precise vblank timestamp query.
сен 22 14:00:30 SNE09 kernel: radeon 0000:01:00.0: radeon: MSI limited to 32-bit
сен 22 14:00:30 SNE09 kernel: radeon 0000:01:00.0: radeon: using MSI.
сен 22 14:00:30 SNE09 kernel: [drm] radeon: irq initialized.
сен 22 14:00:30 SNE09 kernel: [drm] ring test on 0 succeeded in 2 usecs
сен 22 14:00:30 SNE09 kernel: [drm] ring test on 3 succeeded in 5 usecs
сен 22 14:00:30 SNE09 kernel: usb 1-1: new high-speed USB device number 2 using ehci-pci
сен 22 14:00:30 SNE09 kernel: e1000e 0000:00:19.0 eth0: registered PHC clock
сен 22 14:00:30 SNE09 kernel: e1000e 0000:00:19.0 eth0: (PCI Express:2.5GT/s:Width x1) ec:b1:d7:38:7f:87
сен 22 14:00:30 SNE09 kernel: e1000e 0000:00:19.0 eth0: Intel(R) PRO/1000 Network Connection
сен 22 14:00:30 SNE09 kernel: e1000e 0000:00:19.0 eth0: MAC: 11, PHY: 12, PBA No: FFFFFF-0FF
сен 22 14:00:30 SNE09 kernel: usb 2-1: new high-speed USB device number 2 using ehci-pci
сен 22 14:00:30 SNE09 kernel: e1000e 0000:00:19.0 eno1: renamed from eth0
сен 22 14:00:30 SNE09 kernel: usb 3-11: new low-speed USB device number 2 using xhci_hcd
сен 22 14:00:30 SNE09 kernel: [drm] ring test on 5 succeeded in 2 usecs
сен 22 14:00:30 SNE09 kernel: [drm] UVD initialized successfully.
сен 22 14:00:30 SNE09 kernel: [drm] ib test on ring 0 succeeded in 0 usecs
сен 22 14:00:30 SNE09 kernel: [drm] ib test on ring 3 succeeded in 0 usecs
сен 22 14:00:30 SNE09 kernel: usb 1-1: New USB device found, idVendor=8087, idProduct=8008
сен 22 14:00:30 SNE09 kernel: usb 1-1: New USB device strings: Mfr=0, Product=0, SerialNumber=0
сен 22 14:00:30 SNE09 kernel: hub 1-1:1.0: USB hub found
сен 22 14:00:30 SNE09 kernel: hub 1-1:1.0: 6 ports detected
сен 22 14:00:30 SNE09 kernel: usb 2-1: New USB device found, idVendor=8087, idProduct=8000
сен 22 14:00:30 SNE09 kernel: usb 2-1: New USB device strings: Mfr=0, Product=0, SerialNumber=0
сен 22 14:00:30 SNE09 kernel: hub 2-1:1.0: USB hub found
сен 22 14:00:30 SNE09 kernel: hub 2-1:1.0: 8 ports detected
сен 22 14:00:30 SNE09 kernel: ata3: SATA link up 1.5 Gbps (SStatus 113 SControl 300)
сен 22 14:00:30 SNE09 kernel: ata1: SATA link up 6.0 Gbps (SStatus 133 SControl 300)
сен 22 14:00:30 SNE09 kernel: ata1.00: ATA-9: TOSHIBA DT01ACA100, MS2OA7C0, max UDMA/133
сен 22 14:00:30 SNE09 kernel: ata1.00: 1953525168 sectors, multi 16: LBA48 NCQ (depth 31/32), AA
сен 22 14:00:30 SNE09 kernel: ata1.00: configured for UDMA/133
сен 22 14:00:30 SNE09 kernel: ata3.00: ATAPI: hp       DVDRAM GTB0N, HCS1, max UDMA/100
сен 22 14:00:30 SNE09 kernel: scsi 0:0:0:0: Direct-Access     ATA      TOSHIBA DT01ACA1 A7C0 PQ: 0 ANSI: 5
сен 22 14:00:30 SNE09 kernel: sd 0:0:0:0: Attached scsi generic sg0 type 0
сен 22 14:00:30 SNE09 kernel: sd 0:0:0:0: [sda] 1953525168 512-byte logical blocks: (1.00 TB/932 GiB)
сен 22 14:00:30 SNE09 kernel: sd 0:0:0:0: [sda] 4096-byte physical blocks
сен 22 14:00:30 SNE09 kernel: sd 0:0:0:0: [sda] Write Protect is off
сен 22 14:00:30 SNE09 kernel: sd 0:0:0:0: [sda] Mode Sense: 00 3a 00 00
сен 22 14:00:30 SNE09 kernel: sd 0:0:0:0: [sda] Write cache: enabled, read cache: enabled, doesn't support DPO or FUA
сен 22 14:00:30 SNE09 kernel: ata3.00: configured for UDMA/100
сен 22 14:00:30 SNE09 kernel: scsi 2:0:0:0: CD-ROM            hp       DVDRAM GTB0N     HCS1 PQ: 0 ANSI: 5
сен 22 14:00:30 SNE09 kernel: sr 2:0:0:0: [sr0] scsi3-mmc drive: 24x/24x writer dvd-ram cd/rw xa/form2 cdda tray
сен 22 14:00:30 SNE09 kernel: cdrom: Uniform CD-ROM driver Revision: 3.20
сен 22 14:00:30 SNE09 kernel: sr 2:0:0:0: Attached scsi CD-ROM sr0
сен 22 14:00:30 SNE09 kernel: sr 2:0:0:0: Attached scsi generic sg1 type 5
сен 22 14:00:30 SNE09 kernel:  sda: sda1 sda2 sda3 sda4
сен 22 14:00:30 SNE09 kernel: sd 0:0:0:0: [sda] Attached SCSI disk
сен 22 14:00:30 SNE09 kernel: usb 3-11: New USB device found, idVendor=03f0, idProduct=034a
сен 22 14:00:30 SNE09 kernel: usb 3-11: New USB device strings: Mfr=1, Product=2, SerialNumber=0
сен 22 14:00:30 SNE09 kernel: usb 3-11: Product: HP Elite USB Keyboard
сен 22 14:00:30 SNE09 kernel: usb 3-11: Manufacturer: Chicony
сен 22 14:00:30 SNE09 kernel: usb 3-11: ep 0x81 - rounding interval to 64 microframes, ep desc says 80 microframes
сен 22 14:00:30 SNE09 kernel: usb 3-11: ep 0x82 - rounding interval to 64 microframes, ep desc says 80 microframes
сен 22 14:00:30 SNE09 kernel: hidraw: raw HID events driver (C) Jiri Kosina
сен 22 14:00:30 SNE09 kernel: usbcore: registered new interface driver usbhid
сен 22 14:00:30 SNE09 kernel: usbhid: USB HID core driver
сен 22 14:00:30 SNE09 kernel: input: Chicony HP Elite USB Keyboard as /devices/pci0000:00/0000:00:14.0/usb3/3-11/3-11:1.0/0003:03F0:034A.0001/input/input7
сен 22 14:00:30 SNE09 kernel: tsc: Refined TSC clocksource calibration: 3292.392 MHz
сен 22 14:00:30 SNE09 kernel: clocksource: tsc: mask: 0xffffffffffffffff max_cycles: 0x2f75397ddf4, max_idle_ns: 440795347479 ns
сен 22 14:00:30 SNE09 kernel: hid-generic 0003:03F0:034A.0001: input,hidraw0: USB HID v1.10 Keyboard [Chicony HP Elite USB Keyboard] on usb-0000:00:14.0-11/input0
сен 22 14:00:30 SNE09 kernel: input: Chicony HP Elite USB Keyboard as /devices/pci0000:00/0000:00:14.0/usb3/3-11/3-11:1.1/0003:03F0:034A.0002/input/input8
сен 22 14:00:30 SNE09 kernel: hid-generic 0003:03F0:034A.0002: input,hidraw1: USB HID v1.10 Device [Chicony HP Elite USB Keyboard] on usb-0000:00:14.0-11/input1
сен 22 14:00:30 SNE09 kernel: usb 3-12: new low-speed USB device number 3 using xhci_hcd
сен 22 14:00:30 SNE09 kernel: usb 3-12: New USB device found, idVendor=03f0, idProduct=134a
сен 22 14:00:30 SNE09 kernel: usb 3-12: New USB device strings: Mfr=1, Product=2, SerialNumber=0
сен 22 14:00:30 SNE09 kernel: usb 3-12: Product: HP USB Optical Mouse
сен 22 14:00:30 SNE09 kernel: usb 3-12: Manufacturer: PixArt
сен 22 14:00:30 SNE09 kernel: usb 3-12: ep 0x81 - rounding interval to 64 microframes, ep desc says 80 microframes
сен 22 14:00:30 SNE09 kernel: input: PixArt HP USB Optical Mouse as /devices/pci0000:00/0000:00:14.0/usb3/3-12/3-12:1.0/0003:03F0:134A.0003/input/input9
сен 22 14:00:30 SNE09 kernel: hid-generic 0003:03F0:134A.0003: input,hidraw2: USB HID v1.11 Mouse [PixArt HP USB Optical Mouse] on usb-0000:00:14.0-12/input0
сен 22 14:00:30 SNE09 kernel: [drm] ib test on ring 5 succeeded
сен 22 14:00:30 SNE09 kernel: [drm] Radeon Display Connectors
сен 22 14:00:30 SNE09 kernel: [drm] Connector 0:
сен 22 14:00:30 SNE09 kernel: [drm]   DP-1
сен 22 14:00:30 SNE09 kernel: [drm]   HPD2
сен 22 14:00:30 SNE09 kernel: [drm]   DDC: 0x6460 0x6460 0x6464 0x6464 0x6468 0x6468 0x646c 0x646c
сен 22 14:00:30 SNE09 kernel: [drm]   Encoders:
сен 22 14:00:30 SNE09 kernel: [drm]     DFP1: INTERNAL_UNIPHY1
сен 22 14:00:30 SNE09 kernel: [drm] Connector 1:
сен 22 14:00:30 SNE09 kernel: [drm]   DVI-I-1
сен 22 14:00:30 SNE09 kernel: [drm]   HPD4
сен 22 14:00:30 SNE09 kernel: [drm]   DDC: 0x6450 0x6450 0x6454 0x6454 0x6458 0x6458 0x645c 0x645c
сен 22 14:00:30 SNE09 kernel: [drm]   Encoders:
сен 22 14:00:30 SNE09 kernel: [drm]     DFP2: INTERNAL_UNIPHY
сен 22 14:00:30 SNE09 kernel: [drm]     CRT1: INTERNAL_KLDSCP_DAC1
сен 22 14:00:30 SNE09 kernel: [drm] fb mappable at 0xE0475000
сен 22 14:00:30 SNE09 kernel: [drm] vram apper at 0xE0000000
сен 22 14:00:30 SNE09 kernel: [drm] size 8294400
сен 22 14:00:30 SNE09 kernel: [drm] fb depth is 24
сен 22 14:00:30 SNE09 kernel: [drm]    pitch is 7680
сен 22 14:00:30 SNE09 kernel: fbcon: radeondrmfb (fb0) is primary device
сен 22 14:00:30 SNE09 kernel: Console: switching to colour frame buffer device 240x67
сен 22 14:00:30 SNE09 kernel: radeon 0000:01:00.0: fb0: radeondrmfb frame buffer device
сен 22 14:00:30 SNE09 kernel: [drm] Initialized radeon 2.43.0 20080528 for 0000:01:00.0 on minor 0
сен 22 14:00:30 SNE09 kernel: [drm] Memory usable by graphics device = 2048M
сен 22 14:00:30 SNE09 kernel: [drm] Replacing VGA console driver
сен 22 14:00:30 SNE09 kernel: [drm] Supports vblank timestamp caching Rev 2 (21.10.2013).
сен 22 14:00:30 SNE09 kernel: [drm] Driver supports precise vblank timestamp query.
сен 22 14:00:30 SNE09 kernel: vgaarb: device changed decodes: PCI:0000:01:00.0,olddecodes=io+mem,decodes=io+mem:owns=io+mem
сен 22 14:00:30 SNE09 kernel: [drm] Initialized i915 1.6.0 20151010 for 0000:00:02.0 on minor 1
сен 22 14:00:30 SNE09 kernel: clocksource: Switched to clocksource tsc
сен 22 14:00:30 SNE09 kernel: i915 0000:00:02.0: No connectors reported connected with modes
сен 22 14:00:30 SNE09 kernel: [drm] Cannot find any crtc or sizes - going 1024x768
сен 22 14:00:30 SNE09 kernel: i915 0000:00:02.0: fb1: inteldrmfb frame buffer device
сен 22 14:00:30 SNE09 kernel: EXT4-fs (sda4): mounted filesystem with ordered data mode. Opts: (null)
сен 22 14:00:30 SNE09 kernel: random: nonblocking pool is initialized
сен 22 14:00:30 SNE09 systemd[1]: systemd 229 running in system mode. (+PAM +AUDIT +SELINUX +IMA +APPARMOR +SMACK +SYSVINIT +UTMP +LIBCRYPTSETUP +GCRYPT +GNUTLS +ACL +XZ -LZ4 +SECCOMP +BLKID +ELFUTILS +KMOD -IDN)
сен 22 14:00:30 SNE09 systemd[1]: Detected architecture x86-64.
сен 22 14:00:30 SNE09 systemd[1]: Set hostname to <SNE09>.
сен 22 14:00:30 SNE09 systemd[1]: Listening on Syslog Socket.
сен 22 14:00:30 SNE09 systemd[1]: Set up automount Arbitrary Executable File Formats File System Automount Point.
сен 22 14:00:30 SNE09 systemd[1]: Listening on /dev/initctl Compatibility Named Pipe.
сен 22 14:00:30 SNE09 systemd[1]: Started Forward Password Requests to Wall Directory Watch.
сен 22 14:00:30 SNE09 systemd[1]: Listening on udev Control Socket.
сен 22 14:00:30 SNE09 systemd[1]: Listening on Journal Socket.
сен 22 14:00:30 SNE09 systemd[1]: Created slice System Slice.
сен 22 14:00:30 SNE09 systemd[1]: Mounting Huge Pages File System...
сен 22 14:00:30 SNE09 systemd[1]: Started Read required files in advance.
сен 22 14:00:30 SNE09 systemd[1]: Starting Braille Device Support...
сен 22 14:00:30 SNE09 systemd[1]: Created slice system-getty.slice.
сен 22 14:00:30 SNE09 systemd[1]: Starting Uncomplicated firewall...
сен 22 14:00:30 SNE09 systemd[1]: Starting Create list of required static device nodes for the current kernel...
сен 22 14:00:30 SNE09 systemd[1]: Listening on udev Kernel Socket.
сен 22 14:00:30 SNE09 systemd[1]: Mounting Debug File System...
сен 22 14:00:30 SNE09 systemd[1]: Listening on Journal Audit Socket.
сен 22 14:00:30 SNE09 systemd[1]: Listening on Journal Socket (/dev/log).
сен 22 14:00:30 SNE09 systemd[1]: Starting Journal Service...
сен 22 14:00:30 SNE09 systemd[1]: Mounting POSIX Message Queue File System...
сен 22 14:00:30 SNE09 systemd[1]: Reached target User and Group Name Lookups.
сен 22 14:00:30 SNE09 systemd[1]: Starting Load Kernel Modules...
сен 22 14:00:30 SNE09 systemd[1]: Created slice User and Session Slice.
сен 22 14:00:30 SNE09 systemd[1]: Reached target Slices.
сен 22 14:00:30 SNE09 systemd[1]: Reached target Encrypted Volumes.
сен 22 14:00:30 SNE09 systemd[1]: Reached target Remote File Systems (Pre).
сен 22 14:00:30 SNE09 systemd[1]: Reached target Remote File Systems.
сен 22 14:00:30 SNE09 systemd[1]: Listening on fsck to fsckd communication Socket.
сен 22 14:00:30 SNE09 systemd[1]: Started Uncomplicated firewall.
сен 22 14:00:30 SNE09 systemd[1]: Started Create list of required static device nodes for the current kernel.
сен 22 14:00:30 SNE09 systemd[1]: Starting Create Static Device Nodes in /dev...
сен 22 14:00:30 SNE09 systemd[1]: Mounted POSIX Message Queue File System.
сен 22 14:00:30 SNE09 systemd[1]: Mounted Huge Pages File System.
сен 22 14:00:30 SNE09 systemd[1]: Mounted Debug File System.
сен 22 14:00:30 SNE09 systemd-journald[248]: Journal started
сен 22 14:00:30 SNE09 systemd[1]: Started Journal Service.
сен 22 14:00:31 SNE09 systemd[1]: Started Braille Device Support.
сен 22 14:00:31 SNE09 kernel: lp: driver loaded but no devices found
сен 22 14:00:31 SNE09 kernel: ppdev: user-space parallel port driver
сен 22 14:00:31 SNE09 systemd-modules-load[256]: Inserted module 'lp'
сен 22 14:00:31 SNE09 systemd-modules-load[256]: Inserted module 'ppdev'
сен 22 14:00:31 SNE09 systemd-modules-load[256]: Inserted module 'parport_pc'
сен 22 14:00:31 SNE09 systemd[1]: Started Load Kernel Modules.
сен 22 14:00:31 SNE09 systemd[1]: Starting Apply Kernel Variables...
сен 22 14:00:31 SNE09 systemd[1]: Mounting FUSE Control File System...
сен 22 14:00:31 SNE09 systemd[1]: Mounted FUSE Control File System.
сен 22 14:00:31 SNE09 systemd[1]: Started Create Static Device Nodes in /dev.
сен 22 14:00:31 SNE09 systemd[1]: Starting udev Kernel Device Manager...
сен 22 14:00:31 SNE09 systemd[1]: Started Apply Kernel Variables.
сен 22 14:00:32 SNE09 systemd[1]: Started udev Kernel Device Manager.
сен 22 14:00:32 SNE09 systemd[1]: Starting Remount Root and Kernel File Systems...
сен 22 14:00:32 SNE09 kernel: EXT4-fs (sda4): re-mounted. Opts: errors=remount-ro
сен 22 14:00:32 SNE09 systemd[1]: Started Remount Root and Kernel File Systems.
сен 22 14:00:32 SNE09 systemd[1]: Starting Flush Journal to Persistent Storage...
сен 22 14:00:32 SNE09 systemd[1]: Starting udev Coldplug all Devices...
сен 22 14:00:32 SNE09 systemd[1]: Reached target Local File Systems (Pre).
сен 22 14:00:32 SNE09 systemd[1]: Reached target Local File Systems.
сен 22 14:00:32 SNE09 systemd[1]: Starting Clean up any mess left by 0dns-up...
сен 22 14:00:32 SNE09 systemd[1]: Starting Set console keymap...
сен 22 14:00:32 SNE09 systemd[1]: Starting LSB: AppArmor initialization...
сен 22 14:00:32 SNE09 systemd[1]: Starting Tell Plymouth To Write Out Runtime Data...
сен 22 14:00:32 SNE09 systemd[1]: Starting Load/Save Random Seed...
сен 22 14:00:32 SNE09 systemd[1]: Started udev Coldplug all Devices.
сен 22 14:00:32 SNE09 systemd[1]: Starting Show Plymouth Boot Screen...
сен 22 14:00:32 SNE09 systemd[1]: Started Flush Journal to Persistent Storage.
сен 22 14:00:32 SNE09 systemd[1]: Starting Create Volatile Files and Directories...
сен 22 14:00:32 SNE09 systemd[1]: Started Tell Plymouth To Write Out Runtime Data.
сен 22 14:00:32 SNE09 systemd-tmpfiles[356]: [/usr/lib/tmpfiles.d/var.conf:14] Duplicate line for path "/var/log", ignoring.
сен 22 14:00:32 SNE09 systemd[1]: Started Clean up any mess left by 0dns-up.
сен 22 14:00:32 SNE09 systemd[1]: Starting Nameserver information manager...
сен 22 14:00:32 SNE09 kernel: shpchp: Standard Hot Plug PCI Controller Driver version: 0.4
сен 22 14:00:32 SNE09 systemd[1]: Created slice system-systemd\x2dbacklight.slice.
сен 22 14:00:32 SNE09 systemd[1]: Starting Load/Save Screen Backlight Brightness of backlight:acpi_video0...
сен 22 14:00:32 SNE09 systemd[1]: Started Load/Save Random Seed.
сен 22 14:00:32 SNE09 systemd[1]: Started Show Plymouth Boot Screen.
сен 22 14:00:32 SNE09 systemd[1]: Started Forward Password Requests to Plymouth Directory Watch.
сен 22 14:00:33 SNE09 loadkeys[316]: Загружается /etc/console-setup/cached.kmap.gz
сен 22 14:00:33 SNE09 systemd[1]: Started Set console keymap.
сен 22 14:00:33 SNE09 systemd[1]: Started Nameserver information manager.
сен 22 14:00:33 SNE09 systemd[1]: Started Load/Save Screen Backlight Brightness of backlight:acpi_video0.
сен 22 14:00:33 SNE09 systemd[1]: Listening on Load/Save RF Kill Switch Status /dev/rfkill Watch.
сен 22 14:00:33 SNE09 kernel: snd_hda_intel 0000:00:03.0: bound 0000:00:02.0 (ops i915_audio_component_bind_ops [i915])
сен 22 14:00:33 SNE09 kernel: snd_hda_intel 0000:01:00.1: Handle vga_switcheroo audio client
сен 22 14:00:33 SNE09 kernel: AVX2 version of gcm_enc/dec engaged.
сен 22 14:00:33 SNE09 kernel: AES CTR mode by8 optimization enabled
сен 22 14:00:34 SNE09 kernel: snd_hda_codec_hdmi hdaudioC2D0: HDMI ATI/AMD: no speaker allocation for ELD
сен 22 14:00:34 SNE09 kernel: input: HDA ATI HDMI HDMI/DP,pcm=3 as /devices/pci0000:00/0000:00:01.0/0000:01:00.1/sound/card2/input10
сен 22 14:00:34 SNE09 kernel: snd_hda_codec_realtek hdaudioC1D0: autoconfig for ALC221: line_outs=1 (0x14/0x0/0x0/0x0/0x0) type:line
сен 22 14:00:34 SNE09 kernel: snd_hda_codec_realtek hdaudioC1D0:    speaker_outs=1 (0x17/0x0/0x0/0x0/0x0)
сен 22 14:00:34 SNE09 kernel: snd_hda_codec_realtek hdaudioC1D0:    hp_outs=1 (0x21/0x0/0x0/0x0/0x0)
сен 22 14:00:34 SNE09 kernel: snd_hda_codec_realtek hdaudioC1D0:    mono: mono_out=0x0
сен 22 14:00:34 SNE09 kernel: snd_hda_codec_realtek hdaudioC1D0:    inputs:
сен 22 14:00:34 SNE09 kernel: snd_hda_codec_realtek hdaudioC1D0:      Mic=0x1a
сен 22 14:00:34 SNE09 kernel: snd_hda_codec_realtek hdaudioC1D0:      Line=0x1b
сен 22 14:00:34 SNE09 kernel: input: HDA Intel PCH Mic as /devices/pci0000:00/0000:00:1b.0/sound/card1/input11
сен 22 14:00:34 SNE09 kernel: input: HDA Intel PCH Line as /devices/pci0000:00/0000:00:1b.0/sound/card1/input12
сен 22 14:00:34 SNE09 kernel: input: HDA Intel PCH Line Out as /devices/pci0000:00/0000:00:1b.0/sound/card1/input13
сен 22 14:00:34 SNE09 kernel: input: HDA Intel PCH Front Headphone as /devices/pci0000:00/0000:00:1b.0/sound/card1/input14
сен 22 14:00:34 SNE09 systemd[1]: Reached target Sound Card.
сен 22 14:00:34 SNE09 kernel: input: HP WMI hotkeys as /devices/virtual/input/input15
сен 22 14:00:34 SNE09 kernel: input: HDA Intel HDMI HDMI/DP,pcm=3 as /devices/pci0000:00/0000:00:03.0/sound/card0/input16
сен 22 14:00:34 SNE09 kernel: input: HDA Intel HDMI HDMI/DP,pcm=7 as /devices/pci0000:00/0000:00:03.0/sound/card0/input17
сен 22 14:00:34 SNE09 kernel: input: HDA Intel HDMI HDMI/DP,pcm=8 as /devices/pci0000:00/0000:00:03.0/sound/card0/input18
сен 22 14:00:34 SNE09 systemd[1]: Started Create Volatile Files and Directories.
сен 22 14:00:34 SNE09 kernel: snd_hda_codec_hdmi hdaudioC2D0: HDMI ATI/AMD: no speaker allocation for ELD
сен 22 14:00:34 SNE09 mtp-probe[494]: checking bus 3, device 3: "/sys/devices/pci0000:00/0000:00:14.0/usb3/3-12"
сен 22 14:00:34 SNE09 mtp-probe[493]: checking bus 3, device 2: "/sys/devices/pci0000:00/0000:00:14.0/usb3/3-11"
сен 22 14:00:34 SNE09 mtp-probe[494]: bus: 3, device: 3 was not an MTP device
сен 22 14:00:34 SNE09 mtp-probe[493]: bus: 3, device: 2 was not an MTP device
сен 22 14:00:34 SNE09 systemd[1]: Starting Network Time Synchronization...
сен 22 14:00:34 SNE09 systemd[1]: Starting Update UTMP about System Boot/Shutdown...
сен 22 14:00:34 SNE09 kernel: snd_hda_codec_hdmi hdaudioC2D0: HDMI ATI/AMD: no speaker allocation for ELD
сен 22 14:00:34 SNE09 systemd[1]: Started Network Time Synchronization.
сен 22 14:00:34 SNE09 systemd[1]: Reached target System Time Synchronized.
сен 22 14:00:34 SNE09 systemd[1]: Started Update UTMP about System Boot/Shutdown.
сен 22 14:00:34 SNE09 kernel: snd_hda_codec_hdmi hdaudioC2D0: HDMI ATI/AMD: no speaker allocation for ELD
сен 22 14:00:34 SNE09 apparmor[317]:  * Starting AppArmor profiles
сен 22 14:00:34 SNE09 kernel: kvm: disabled by bios
сен 22 14:00:34 SNE09 kernel: kvm: disabled by bios
сен 22 14:00:35 SNE09 kernel: snd_hda_codec_hdmi hdaudioC2D0: HDMI ATI/AMD: no speaker allocation for ELD
сен 22 14:00:35 SNE09 kernel: kvm: disabled by bios
сен 22 14:00:35 SNE09 kernel: kvm: disabled by bios
сен 22 14:00:35 SNE09 systemd[1]: Found device TOSHIBA_DT01ACA100 3.
сен 22 14:00:35 SNE09 systemd[1]: Found device TOSHIBA_DT01ACA100 3.
сен 22 14:00:35 SNE09 kernel: snd_hda_codec_hdmi hdaudioC2D0: HDMI ATI/AMD: no speaker allocation for ELD
сен 22 14:00:35 SNE09 systemd[1]: Activating swap Swap Partition...
сен 22 14:00:35 SNE09 systemd[1]: Activated swap Swap Partition.
сен 22 14:00:35 SNE09 systemd[1]: Activated swap /dev/disk/by-uuid/dc5963f4-1c01-4357-a0e7-10c1bae92948.
сен 22 14:00:35 SNE09 systemd[1]: Reached target Swap.
сен 22 14:00:35 SNE09 kernel: Adding 8292348k swap on /dev/sda3.  Priority:-1 extents:1 across:8292348k FS
сен 22 14:00:35 SNE09 kernel: snd_hda_codec_hdmi hdaudioC2D0: HDMI ATI/AMD: no speaker allocation for ELD
сен 22 14:00:35 SNE09 kernel: intel_rapl: Found RAPL domain package
сен 22 14:00:35 SNE09 kernel: intel_rapl: Found RAPL domain core
сен 22 14:00:35 SNE09 kernel: intel_rapl: Found RAPL domain uncore
сен 22 14:00:35 SNE09 kernel: intel_rapl: Found RAPL domain dram
сен 22 14:00:35 SNE09 kernel: intel_rapl: RAPL package 0 domain package locked by BIOS
сен 22 14:00:35 SNE09 kernel: intel_rapl: RAPL package 0 domain dram locked by BIOS
сен 22 14:00:35 SNE09 kernel: snd_hda_codec_hdmi hdaudioC2D0: HDMI ATI/AMD: no speaker allocation for ELD
сен 22 14:00:36 SNE09 kernel: snd_hda_codec_hdmi hdaudioC2D0: HDMI ATI/AMD: no speaker allocation for ELD
сен 22 14:00:36 SNE09 apparmor[317]: Skipping profile in /etc/apparmor.d/disable: usr.bin.firefox
сен 22 14:00:36 SNE09 audit[673]: AVC apparmor="STATUS" operation="profile_load" profile="unconfined" name="/usr/bin/ubuntu-core-launcher" pid=673 comm="apparmor_parser"
сен 22 14:00:36 SNE09 kernel: audit: type=1400 audit(1474542036.311:2): apparmor="STATUS" operation="profile_load" profile="unconfined" name="/usr/bin/ubuntu-core-launcher" pid=673 comm="apparmor_parser"
сен 22 14:00:36 SNE09 audit[669]: AVC apparmor="STATUS" operation="profile_load" profile="unconfined" name="/usr/lib/lightdm/lightdm-guest-session" pid=669 comm="apparmor_parser"
сен 22 14:00:36 SNE09 audit[669]: AVC apparmor="STATUS" operation="profile_load" profile="unconfined" name="/usr/lib/lightdm/lightdm-guest-session//chromium" pid=669 comm="apparmor_parser"
сен 22 14:00:36 SNE09 kernel: audit: type=1400 audit(1474542036.359:3): apparmor="STATUS" operation="profile_load" profile="unconfined" name="/usr/lib/lightdm/lightdm-guest-session" pid=669 comm="apparmor_parser"
сен 22 14:00:36 SNE09 kernel: audit: type=1400 audit(1474542036.359:4): apparmor="STATUS" operation="profile_load" profile="unconfined" name="/usr/lib/lightdm/lightdm-guest-session//chromium" pid=669 comm="apparmor_parser"
сен 22 14:00:36 SNE09 audit[670]: AVC apparmor="STATUS" operation="profile_load" profile="unconfined" name="/sbin/dhclient" pid=670 comm="apparmor_parser"
сен 22 14:00:36 SNE09 audit[670]: AVC apparmor="STATUS" operation="profile_load" profile="unconfined" name="/usr/lib/NetworkManager/nm-dhcp-client.action" pid=670 comm="apparmor_parser"
сен 22 14:00:36 SNE09 audit[670]: AVC apparmor="STATUS" operation="profile_load" profile="unconfined" name="/usr/lib/NetworkManager/nm-dhcp-helper" pid=670 comm="apparmor_parser"
сен 22 14:00:36 SNE09 audit[670]: AVC apparmor="STATUS" operation="profile_load" profile="unconfined" name="/usr/lib/connman/scripts/dhclient-script" pid=670 comm="apparmor_parser"
сен 22 14:00:36 SNE09 kernel: audit: type=1400 audit(1474542036.379:5): apparmor="STATUS" operation="profile_load" profile="unconfined" name="/sbin/dhclient" pid=670 comm="apparmor_parser"
сен 22 14:00:36 SNE09 kernel: audit: type=1400 audit(1474542036.379:6): apparmor="STATUS" operation="profile_load" profile="unconfined" name="/usr/lib/NetworkManager/nm-dhcp-client.action" pid=670 comm="apparmor_parser"
сен 22 14:00:36 SNE09 kernel: audit: type=1400 audit(1474542036.379:7): apparmor="STATUS" operation="profile_load" profile="unconfined" name="/usr/lib/NetworkManager/nm-dhcp-helper" pid=670 comm="apparmor_parser"
сен 22 14:00:36 SNE09 kernel: audit: type=1400 audit(1474542036.379:8): apparmor="STATUS" operation="profile_load" profile="unconfined" name="/usr/lib/connman/scripts/dhclient-script" pid=670 comm="apparmor_parser"
сен 22 14:00:36 SNE09 audit[675]: AVC apparmor="STATUS" operation="profile_load" profile="unconfined" name="/usr/sbin/cups-browsed" pid=675 comm="apparmor_parser"
сен 22 14:00:36 SNE09 audit[674]: AVC apparmor="STATUS" operation="profile_load" profile="unconfined" name="webbrowser-app" pid=674 comm="apparmor_parser"
сен 22 14:00:36 SNE09 audit[674]: AVC apparmor="STATUS" operation="profile_load" profile="unconfined" name="webbrowser-app//oxide_helper" pid=674 comm="apparmor_parser"
сен 22 14:00:36 SNE09 audit[677]: AVC apparmor="STATUS" operation="profile_load" profile="unconfined" name="/usr/sbin/ippusbxd" pid=677 comm="apparmor_parser"
сен 22 14:00:36 SNE09 apparmor[317]: Skipping profile in /etc/apparmor.d/disable: usr.sbin.rsyslogd
сен 22 14:00:36 SNE09 kernel: audit: type=1400 audit(1474542036.387:9): apparmor="STATUS" operation="profile_load" profile="unconfined" name="/usr/sbin/cups-browsed" pid=675 comm="apparmor_parser"
сен 22 14:00:36 SNE09 kernel: audit: type=1400 audit(1474542036.387:10): apparmor="STATUS" operation="profile_load" profile="unconfined" name="webbrowser-app" pid=674 comm="apparmor_parser"
сен 22 14:00:36 SNE09 kernel: audit: type=1400 audit(1474542036.387:11): apparmor="STATUS" operation="profile_load" profile="unconfined" name="webbrowser-app//oxide_helper" pid=674 comm="apparmor_parser"
сен 22 14:00:36 SNE09 audit[676]: AVC apparmor="STATUS" operation="profile_load" profile="unconfined" name="/usr/lib/cups/backend/cups-pdf" pid=676 comm="apparmor_parser"
сен 22 14:00:36 SNE09 audit[676]: AVC apparmor="STATUS" operation="profile_load" profile="unconfined" name="/usr/sbin/cupsd" pid=676 comm="apparmor_parser"
сен 22 14:00:36 SNE09 audit[676]: AVC apparmor="STATUS" operation="profile_load" profile="unconfined" name="/usr/sbin/cupsd//third_party" pid=676 comm="apparmor_parser"
сен 22 14:00:36 SNE09 audit[680]: AVC apparmor="STATUS" operation="profile_load" profile="unconfined" name="/usr/sbin/tcpdump" pid=680 comm="apparmor_parser"
сен 22 14:00:36 SNE09 audit[678]: AVC apparmor="STATUS" operation="profile_load" profile="unconfined" name="/usr/sbin/named" pid=678 comm="apparmor_parser"
сен 22 14:00:36 SNE09 audit[671]: AVC apparmor="STATUS" operation="profile_load" profile="unconfined" name="/usr/bin/evince" pid=671 comm="apparmor_parser"
сен 22 14:00:36 SNE09 audit[671]: AVC apparmor="STATUS" operation="profile_load" profile="unconfined" name="/usr/bin/evince//sanitized_helper" pid=671 comm="apparmor_parser"
сен 22 14:00:36 SNE09 audit[671]: AVC apparmor="STATUS" operation="profile_load" profile="unconfined" name="/usr/bin/evince-previewer" pid=671 comm="apparmor_parser"
